Component: ARM Compiler 5.06 update 7 (build 960) Tool: armlink [4d3601]

==============================================================================

Section Cross References

    startup_stm32f103xe.o(STACK) refers (Special) to heapauxi.o(.text) for __use_two_region_memory
    startup_stm32f103xe.o(HEAP) refers (Special) to heapauxi.o(.text) for __use_two_region_memory
    startup_stm32f103xe.o(RESET) refers (Special) to heapauxi.o(.text) for __use_two_region_memory
    startup_stm32f103xe.o(RESET) refers to startup_stm32f103xe.o(STACK) for __initial_sp
    startup_stm32f103xe.o(RESET) refers to startup_stm32f103xe.o(.text) for Reset_Handler
    startup_stm32f103xe.o(RESET) refers to stm32f1xx_it.o(i.NMI_Handler) for NMI_Handler
    startup_stm32f103xe.o(RESET) refers to stm32f1xx_it.o(i.HardFault_Handler) for HardFault_Handler
    startup_stm32f103xe.o(RESET) refers to stm32f1xx_it.o(i.MemManage_Handler) for MemManage_Handler
    startup_stm32f103xe.o(RESET) refers to stm32f1xx_it.o(i.BusFault_Handler) for BusFault_Handler
    startup_stm32f103xe.o(RESET) refers to stm32f1xx_it.o(i.UsageFault_Handler) for UsageFault_Handler
    startup_stm32f103xe.o(RESET) refers to stm32f1xx_it.o(i.SVC_Handler) for SVC_Handler
    startup_stm32f103xe.o(RESET) refers to stm32f1xx_it.o(i.DebugMon_Handler) for DebugMon_Handler
    startup_stm32f103xe.o(RESET) refers to stm32f1xx_it.o(i.PendSV_Handler) for PendSV_Handler
    startup_stm32f103xe.o(RESET) refers to stm32f1xx_it.o(i.SysTick_Handler) for SysTick_Handler
    startup_stm32f103xe.o(.text) refers (Special) to heapauxi.o(.text) for __use_two_region_memory
    startup_stm32f103xe.o(.text) refers to system_stm32f1xx_1.o(i.SystemInit) for SystemInit
    startup_stm32f103xe.o(.text) refers to __main.o(!!!main) for __main
    startup_stm32f103xe.o(.text) refers to startup_stm32f103xe.o(HEAP) for Heap_Mem
    startup_stm32f103xe.o(.text) refers to startup_stm32f103xe.o(STACK) for Stack_Mem
    ccgraphic_arc.o(i.CCGraphic_draw_arc) refers to ccgraphic_arc.o(i.__pvt_is_in_angle) for __pvt_is_in_angle
    ccgraphic_arc.o(i.CCGraphic_draw_arc) refers to ccgraphic_point.o(i.CCGraphic_draw_point) for CCGraphic_draw_point
    ccgraphic_arc.o(i.CCGraphic_drawfilled_arc) refers to ccgraphic_arc.o(i.__pvt_is_in_angle) for __pvt_is_in_angle
    ccgraphic_arc.o(i.CCGraphic_drawfilled_arc) refers to ccgraphic_point.o(i.CCGraphic_draw_point) for CCGraphic_draw_point
    ccgraphic_arc.o(i.__pvt_is_in_angle) refers to dflt_clz.o(x$fpl$dflt) for __aeabi_i2d
    ccgraphic_arc.o(i.__pvt_is_in_angle) refers to atan2.o(i.atan2) for atan2
    ccgraphic_arc.o(i.__pvt_is_in_angle) refers to ddiv.o(x$fpl$ddiv) for __aeabi_ddiv
    ccgraphic_arc.o(i.__pvt_is_in_angle) refers to dmul.o(x$fpl$dmul) for __aeabi_dmul
    ccgraphic_arc.o(i.__pvt_is_in_angle) refers to dfix.o(x$fpl$dfix) for __aeabi_d2iz
    ccgraphic_circle.o(i.CCGraphic_draw_circle) refers to ccgraphic_point.o(i.CCGraphic_draw_point) for CCGraphic_draw_point
    ccgraphic_circle.o(i.CCGraphic_drawfilled_circle) refers to ccgraphic_point.o(i.CCGraphic_draw_point) for CCGraphic_draw_point
    ccgraphic_device_adapter.o(i.__device_delay) refers to stm32f1xx_hal.o(i.HAL_Delay) for HAL_Delay
    ccgraphic_device_adapter.o(i.__device_delayclock_enabled) refers to stm32f1xx_hal_rcc.o(i.HAL_RCC_GetHCLKFreq) for HAL_RCC_GetHCLKFreq
    ccgraphic_device_adapter.o(i.__device_delayclock_enabled) refers to ccgraphic_device_adapter.o(.data) for .data
    ccgraphic_device_adapter.o(i.__device_usdelay) refers to ccgraphic_device_adapter.o(i.__device_delayclock_enabled) for __device_delayclock_enabled
    ccgraphic_device_adapter.o(i.__device_usdelay) refers to ccgraphic_device_adapter.o(.data) for .data
    ccgraphic_device_adapter.o(i.__register_paintdevice) refers to ccgraphic_device_oled_adapter.o(i.init_device_oled) for init_device_oled
    ccgraphic_device_adapter.o(i.__register_paintdevice) refers to ccgraphic_device_oled_adapter.o(i.clear_device_oled) for clear_device_oled
    ccgraphic_device_adapter.o(i.__register_paintdevice) refers to ccgraphic_device_oled_adapter.o(i.setpixel_device_oled) for setpixel_device_oled
    ccgraphic_device_adapter.o(i.__register_paintdevice) refers to ccgraphic_device_oled_adapter.o(i.update_device_oled) for update_device_oled
    ccgraphic_device_adapter.o(i.__register_paintdevice) refers to ccgraphic_device_oled_adapter.o(i.clear_area_device_oled) for clear_area_device_oled
    ccgraphic_device_adapter.o(i.__register_paintdevice) refers to ccgraphic_device_oled_adapter.o(i.reverse_device_oled) for reverse_device_oled
    ccgraphic_device_adapter.o(i.__register_paintdevice) refers to ccgraphic_device_oled_adapter.o(i.reversearea_device_oled) for reversearea_device_oled
    ccgraphic_device_adapter.o(i.__register_paintdevice) refers to ccgraphic_device_oled_adapter.o(i.update_area_device_oled) for update_area_device_oled
[...]
    i.reverse_device_oled                    0x08003c78   Section        0  ccgraphic_device_oled_adapter.o(i.reverse_device_oled)
    i.reversearea_device_oled                0x08003c7e   Section        0  ccgraphic_device_oled_adapter.o(i.reversearea_device_oled)
    i.set_property_device_oled               0x08003c8c   Section        0  ccgraphic_device_oled_adapter.o(i.set_property_device_oled)
    i.set_property_oled                      0x08003c92   Section        0  oled_base_driver_ssd1309.o(i.set_property_oled)
    i.setpixel_device_oled                   0x08003c94   Section        0  ccgraphic_device_oled_adapter.o(i.setpixel_device_oled)
    i.swap_int16                             0x08003c9a   Section        0  ccgraphic_utils.o(i.swap_int16)
    i.test_clear                             0x08003cb8   Section        0  oled_test.o(i.test_clear)
    i.test_graphic_softspi_functionalities   0x08003cca   Section        0  test_all.o(i.test_graphic_softspi_functionalities)
    i.test_oled_spi_functionalities          0x08003cde   Section        0  test_all.o(i.test_oled_spi_functionalities)
    i.test_set_pixel_line                    0x08003d18   Section        0  oled_test.o(i.test_set_pixel_line)
    i.update_area_device_oled                0x08003d44   Section        0  ccgraphic_device_oled_adapter.o(i.update_area_device_oled)
    i.update_device_oled                     0x08003d52   Section        0  ccgraphic_device_oled_adapter.o(i.update_device_oled)
    i.user_init_soft_spi_oled_handle         0x08003d58   Section        0  oled_test_soft_spi.o(i.user_init_soft_spi_oled_handle)
    x$fpl$d2f                                0x08003d8c   Section       98  d2f.o(x$fpl$d2f)
    x$fpl$dadd                               0x08003df0   Section      336  daddsub_clz.o(x$fpl$dadd)
    _dadd1                                   0x08003e01   Thumb Code     0  daddsub_clz.o(x$fpl$dadd)
    x$fpl$dcheck1                            0x08003f40   Section       16  dcheck1.o(x$fpl$dcheck1)
    x$fpl$dcmpinf                            0x08003f50   Section       24  dcmpi.o(x$fpl$dcmpinf)
    x$fpl$ddiv                               0x08003f68   Section      688  ddiv.o(x$fpl$ddiv)
    ddiv_entry                               0x08003f6f   Thumb Code     0  ddiv.o(x$fpl$ddiv)
    x$fpl$deqf                               0x08004218   Section      120  deqf.o(x$fpl$deqf)
    x$fpl$dfix                               0x08004290   Section       94  dfix.o(x$fpl$dfix)
    x$fpl$dflt                               0x080042ee   Section       46  dflt_clz.o(x$fpl$dflt)
    x$fpl$dfltu                              0x0800431c   Section       38  dflt_clz.o(x$fpl$dfltu)
    x$fpl$dleqf                              0x08004344   Section      120  dleqf.o(x$fpl$dleqf)
    x$fpl$dmul                               0x080043bc   Section      340  dmul.o(x$fpl$dmul)
    x$fpl$dnaninf                            0x08004510   Section      156  dnaninf.o(x$fpl$dnaninf)
    x$fpl$dretinf                            0x080045ac   Section       12  dretinf.o(x$fpl$dretinf)
    x$fpl$drsb                               0x080045b8   Section       22  daddsub_clz.o(x$fpl$drsb)
    x$fpl$dsub                               0x080045d0   Section      468  daddsub_clz.o(x$fpl$dsub)
    _dsub1                                   0x080045e1   Thumb Code     0  daddsub_clz.o(x$fpl$dsub)
    x$fpl$fadd                               0x080047a4   Section      196  faddsub_clz.o(x$fpl$fadd)
    _fadd1                                   0x080047b3   Thumb Code     0  faddsub_clz.o(x$fpl$fadd)
    x$fpl$fflt                               0x08004868   Section       48  fflt_clz.o(x$fpl$fflt)
    x$fpl$fnaninf                            0x08004898   Section      140  fnaninf.o(x$fpl$fnaninf)
    x$fpl$fretinf                            0x08004924   Section       10  fretinf.o(x$fpl$fretinf)
    x$fpl$fsub                               0x08004930   Section      234  faddsub_clz.o(x$fpl$fsub)
    _fsub1                                   0x0800493f   Thumb Code     0  faddsub_clz.o(x$fpl$fsub)
    x$fpl$retnan                             0x08004a1a   Section      100  retnan.o(x$fpl$retnan)
    x$fpl$scalbn                             0x08004a7e   Section       92  scalbn.o(x$fpl$scalbn)
    x$fpl$trapveneer                         0x08004ada   Section       48  trapv.o(x$fpl$trapveneer)
    .constdata                               0x08004b0a   Section      570  ascii6x8.source.o(.constdata)
    x$fpl$usenofp                            0x08004b0a   Section        0  usenofp.o(x$fpl$usenofp)
    .constdata                               0x08004d44   Section     1520  ascii8x16.source.o(.constdata)
    .constdata                               0x08005334   Section       23  oled_base_driver_ssd1309.o(.constdata)
    .constdata                               0x0800534b   Section       32  test_image.o(.constdata)
    .constdata                               0x0800536b   Section       32  test_image.o(.constdata)
    .constdata                               0x0800538b   Section       32  test_image.o(.constdata)
    .constdata                               0x080053ab   Section       32  test_image.o(.constdata)
    .constdata                               0x080053cb   Section       32  test_image.o(.constdata)
    .constdata                               0x080053eb   Section       18  stm32f1xx_hal_rcc.o(.constdata)
    aPredivFactorTable                       0x080053eb   Data           2  stm32f1xx_hal_rcc.o(.constdata)
    aPLLMULFactorTable                       0x080053ed   Data          16  stm32f1xx_hal_rcc.o(.constdata)
    .constdata                               0x080053fd   Section       16  system_stm32f1xx_1.o(.constdata)
    .constdata                               0x08005410   Section      152  atan.o(.constdata)
    atanhi                                   0x08005410   Data          32  atan.o(.constdata)
    atanlo                                   0x08005430   Data          32  atan.o(.constdata)
    aTodd                                    0x08005450   Data          40  atan.o(.constdata)
    aTeven                                   0x08005478   Data          48  atan.o(.constdata)
    .constdata                               0x080054a8   Section        8  qnan.o(.constdata)
    .conststring                             0x080054b0   Section       52  graphoc_test_components.o(.conststring)
    .conststring                             0x080054e4   Section       93  test_all.o(.conststring)
    .data                                    0x20000000   Section      144  graphoc_test_components.o(.data)
    .data                                    0x20000090   Section       40  oled_test_soft_spi.o(.data)
    sda                                      0x20000090   Data           8  oled_test_soft_spi.o(.data)
    scl                                      0x20000098   Data           8  oled_test_soft_spi.o(.data)
    res                                      0x200000a0   Data           8  oled_test_soft_spi.o(.data)
    dc                                       0x200000a8   Data           8  oled_test_soft_spi.o(.data)
    cs                                       0x200000b0   Data           8  oled_test_soft_spi.o(.data)
    .data                                    0x200000b8   Section       56  soft_spi_fast_setup.o(.data)
    sda                                      0x200000b8   Data           8  soft_spi_fast_setup.o(.data)
    scl                                      0x200000c0   Data           8  soft_spi_fast_setup.o(.data)
    res                                      0x200000c8   Data           8  soft_spi_fast_setup.o(.data)
    dc                                       0x200000d0   Data           8  soft_spi_fast_setup.o(.data)
    cs                                       0x200000d8   Data           8  soft_spi_fast_setup.o(.data)
    .data                                    0x200000f0   Section       12  stm32f1xx_hal.o(.data)
    .data                                    0x200000fc   Section        4  system_stm32f1xx_1.o(.data)
    .bss                                     0x20000100   Section      160  graphoc_test_components.o(.bss)
    .bss                                     0x200001a0   Section     1152  oled_base_driver_ssd1309.o(.bss)
    .bss                                     0x20000620   Section       48  oled_test_soft_spi.o(.bss)
    .bss                                     0x20000650   Section       48  soft_spi_fast_setup.o(.bss)
    .bss                                     0x20000680   Section       96  libspace.o(.bss)
    HEAP                                     0x200006e0   Section      512  startup_stm32f103xe.o(HEAP)
    Heap_Mem                                 0x200006e0   Data         512  startup_stm32f103xe.o(HEAP)
    STACK                                    0x200008e0   Section     1024  startup_stm32f103xe.o(STACK)
    Stack_Mem                                0x200008e0   Data        1024  startup_stm32f103xe.o(STACK)
    __initial_sp                             0x20000ce0   Data           0  startup_stm32f103xe.o(STACK)

    Global Symbols

    Symbol Name                              Value     Ov Type        Size  Object(Section)

    BuildAttributes$$THM_ISAv4$P$D$K$B$S$PE$A:L22UL41UL21$X:L11$S22US41US21$IEEE1$IW$USESV6$~STKCKD$USESV7$~SHL$OTIME$ROPI$IEEEX$EBA8$UX$STANDARDLIB$REQ8$PRES8$EABIv2 0x00000000   Number         0  anon$$obj.o ABSOLUTE
    __ARM_use_no_argv                        0x00000000   Number         0  main.o ABSOLUTE
    __ARM_exceptions_init                     - Undefined Weak Reference
    __alloca_initialize                       - Undefined Weak Reference
    __arm_fini_                               - Undefined Weak Reference
    __arm_preinit_                            - Undefined Weak Reference
    __cpp_initialize__aeabi_                  - Undefined Weak Reference
    __cxa_finalize                            - Undefined Weak Reference
    __rt_locale                               - Undefined Weak Reference
    __sigvec_lookup                           - Undefined Weak Reference
    _atexit_init                              - Undefined Weak Reference
    _call_atexit_fns                          - Undefined Weak Reference
    _clock_init                               - Undefined Weak Reference
    _fp_trap_init                             - Undefined Weak Reference
    _fp_trap_shutdown                         - Undefined Weak Reference
    _get_lc_collate                           - Undefined Weak Reference
    _get_lc_ctype                             - Undefined Weak Reference
    _get_lc_monetary                          - Undefined Weak Reference
    _get_lc_numeric                           - Undefined Weak Reference
    _get_lc_time                              - Undefined Weak Reference
    _getenv_init                              - Undefined Weak Reference
    _handle_redirection                       - Undefined Weak Reference
    _init_alloc                               - Undefined Weak Reference
    _init_user_alloc                          - Undefined Weak Reference
    _initio                                   - Undefined Weak Reference
    _printf_post_padding                      - Undefined Weak Reference
    _printf_pre_padding                       - Undefined Weak Reference
    _printf_truncate_signed                   - Undefined Weak Reference
    _printf_truncate_unsigned                 - Undefined Weak Reference
    _rand_init                                - Undefined Weak Reference
    _signal_finish                            - Undefined Weak Reference
    _signal_init                              - Undefined Weak Reference
    _terminate_alloc                          - Undefined Weak Reference
    _terminate_user_alloc                     - Undefined Weak Reference
    _terminateio                              - Undefined Weak Reference
    __Vectors_Size                           0x00000130   Number         0  startup_stm32f103xe.o ABSOLUTE
    __Vectors                                0x08000000   Data           4  startup_stm32f103xe.o(RESET)
    __Vectors_End                            0x08000130   Data           0  startup_stm32f103xe.o(RESET)
    __main                                   0x08000131   Thumb Code     8  __main.o(!!!main)
    __scatterload                            0x08000139   Thumb Code     0  __scatter.o(!!!scatter)
    __scatterload_rt2                        0x08000139   Thumb Code    44  __scatter.o(!!!scatter)
    __scatterload_rt2_thumb_only             0x08000139   Thumb Code     0  __scatter.o(!!!scatter)
    __scatterload_null                       0x08000147   Thumb Code     0  __scatter.o(!!!scatter)
    __scatterload_copy                       0x0800016d   Thumb Code    26  __scatter_copy.o(!!handler_copy)
    __scatterload_zeroinit                   0x08000189   Thumb Code    28  __scatter_zi.o(!!handler_zi)
    _printf_d                                0x080001a5   Thumb Code     0  _printf_d.o(.ARM.Collect$$_printf_percent$$00000009)
    _printf_percent                          0x080001a5   Thumb Code     0  _printf_percent.o(.ARM.Collect$$_printf_percent$$00000000)
    _printf_percent_end                      0x080001ab   Thumb Code     0  _printf_percent_end.o(.ARM.Collect$$_printf_percent$$00000017)
    __rt_lib_init                            0x080001af   Thumb Code     0  libinit.o(.ARM.Collect$$libinit$$00000000)
    __rt_lib_init_alloca_1                   0x080001b1   Thumb Code     0  libinit2.o(.ARM.Collect$$libinit$$0000002E)
    __rt_lib_init_argv_1                     0x080001b1   Thumb Code     0  libinit2.o(.ARM.Collect$$libinit$$0000002C)
    __rt_lib_init_atexit_1                   0x080001b1   Thumb Code     0  libinit2.o(.ARM.Collect$$libinit$$0000001B)
    __rt_lib_init_clock_1                    0x080001b1   Thumb Code     0  libinit2.o(.ARM.Collect$$libinit$$00000021)
    __rt_lib_init_cpp_1                      0x080001b1   Thumb Code     0  libinit2.o(.ARM.Collect$$libinit$$00000032)
    __rt_lib_init_exceptions_1               0x080001b1   Thumb Code     0  libinit2.o(.ARM.Collect$$libinit$$00000030)
    __rt_lib_init_fp_1                       0x080001b1   Thumb Code     0  libinit2.o(.ARM.Collect$$libinit$$00000002)
    __rt_lib_init_fp_trap_1                  0x080001b1   Thumb Code     0  libinit2.o(.ARM.Collect$$libinit$$0000001F)
    __rt_lib_init_getenv_1                   0x080001b1   Thumb Code     0  libinit2.o(.ARM.Collect$$libinit$$00000023)
    __rt_lib_init_heap_1                     0x080001b1   Thumb Code     0  libinit2.o(.ARM.Collect$$libinit$$0000000A)
    __rt_lib_init_lc_collate_1               0x080001b1   Thumb Code     0  libinit2.o(.ARM.Collect$$libinit$$00000011)
    __rt_lib_init_lc_ctype_1                 0x080001b1   Thumb Code     0  libinit2.o(.ARM.Collect$$libinit$$00000013)
    __rt_lib_init_lc_monetary_1              0x080001b1   Thumb Code     0  libinit2.o(.ARM.Collect$$libinit$$00000015)
    __rt_lib_init_lc_numeric_1               0x080001b1   Thumb Code     0  libinit2.o(.ARM.Collect$$libinit$$00000017)
    __rt_lib_init_lc_time_1                  0x080001b1   Thumb Code     0  libinit2.o(.ARM.Collect$$libinit$$00000019)
    __rt_lib_init_preinit_1                  0x080001b1   Thumb Code     0  libinit2.o(.ARM.Collect$$libinit$$00000004)
    __rt_lib_init_rand_1                     0x080001b1   Thumb Code     0  libinit2.o(.ARM.Collect$$libinit$$0000000E)
    __rt_lib_init_return                     0x080001b1   Thumb Code     0  libinit2.o(.ARM.Collect$$libinit$$00000033)
    __rt_lib_init_signal_1                   0x080001b1   Thumb Code     0  libinit2.o(.ARM.Collect$$libinit$$0000001D)
    __rt_lib_init_stdio_1                    0x080001b1   Thumb Code     0  libinit2.o(.ARM.Collect$$libinit$$00000025)
    __rt_lib_init_user_alloc_1               0x080001b1   Thumb Code     0  libinit2.o(.ARM.Collect$$libinit$$0000000C)
    __rt_lib_shutdown                        0x080001b3   Thumb Code     0  libshutdown.o(.ARM.Collect$$libshutdown$$00000000)
    __rt_lib_shutdown_cpp_1                  0x080001b5   Thumb Code     0  libshutdown2.o(.ARM.Collect$$libshutdown$$00000004)
    __rt_lib_shutdown_fini_1                 0x080001b5   Thumb Code     0  libshutdown2.o(.ARM.Collect$$libshutdown$$00000002)
    __rt_lib_shutdown_fp_trap_1              0x080001b5   Thumb Code     0  libshutdown2.o(.ARM.Collect$$libshutdown$$00000009)
    __rt_lib_shutdown_heap_1                 0x080001b5   Thumb Code     0  libshutdown2.o(.ARM.Collect$$libshutdown$$00000011)
    __rt_lib_shutdown_return                 0x080001b5   Thumb Code     0  libshutdown2.o(.ARM.Collect$$libshutdown$$00000012)
    __rt_lib_shutdown_signal_1               0x080001b5   Thumb Code     0  libshutdown2.o(.ARM.Collect$$libshutdown$$0000000C)
    __rt_lib_shutdown_stdio_1                0x080001b5   Thumb Code     0  libshutdown2.o(.ARM.Collect$$libshutdown$$00000006)
    __rt_lib_shutdown_user_alloc_1           0x080001b5   Thumb Code     0  libshutdown2.o(.ARM.Collect$$libshutdown$$0000000E)
    __rt_entry                               0x080001b7   Thumb Code     0  __rtentry.o(.ARM.Collect$$rtentry$$00000000)
    __rt_entry_presh_1                       0x080001b7   Thumb Code     0  __rtentry2.o(.ARM.Collect$$rtentry$$00000002)
    __rt_entry_sh                            0x080001b7   Thumb Code     0  __rtentry4.o(.ARM.Collect$$rtentry$$00000004)
    __rt_entry_li                            0x080001bd   Thumb Code     0  __rtentry2.o(.ARM.Collect$$rtentry$$0000000A)
    __rt_entry_postsh_1                      0x080001bd   Thumb Code     0  __rtentry2.o(.ARM.Collect$$rtentry$$00000009)
    __rt_entry_main                          0x080001c1   Thumb Code     0  __rtentry2.o(.ARM.Collect$$rtentry$$0000000D)
    __rt_entry_postli_1                      0x080001c1   Thumb Code     0  __rtentry2.o(.ARM.Collect$$rtentry$$0000000C)
    __rt_exit                                0x080001c9   Thumb Code     0  rtexit.o(.ARM.Collect$$rtexit$$00000000)
    __rt_exit_ls                             0x080001cb   Thumb Code     0  rtexit2.o(.ARM.Collect$$rtexit$$00000003)
    __rt_exit_prels_1                        0x080001cb   Thumb Code     0  rtexit2.o(.ARM.Collect$$rtexit$$00000002)
    __rt_exit_exit                           0x080001cf   Thumb Code     0  rtexit2.o(.ARM.Collect$$rtexit$$00000004)
    Reset_Handler                            0x080001d5   Thumb Code     8  startup_stm32f103xe.o(.text)
    ADC1_2_IRQHandler                        0x080001ef   Thumb Code     0  startup_stm32f103xe.o(.text)
    ADC3_IRQHandler                          0x080001ef   Thumb Code     0  startup_stm32f103xe.o(.text)
    CAN1_RX1_IRQHandler                      0x080001ef   Thumb Code     0  startup_stm32f103xe.o(.text)
    CAN1_SCE_IRQHandler                      0x080001ef   Thumb Code     0  startup_stm32f103xe.o(.text)
    DMA1_Channel1_IRQHandler                 0x080001ef   Thumb Code     0  startup_stm32f103xe.o(.text)
    DMA1_Channel2_IRQHandler                 0x080001ef   Thumb Code     0  startup_stm32f103xe.o(.text)
    DMA1_Channel3_IRQHandler                 0x080001ef   Thumb Code     0  startup_stm32f103xe.o(.text)
    DMA1_Channel4_IRQHandler                 0x080001ef   Thumb Code     0  startup_stm32f103xe.o(.text)
    DMA1_Channel5_IRQHandler                 0x080001ef   Thumb Code     0  startup_stm32f103xe.o(.text)
    DMA1_Channel6_IRQHandler                 0x080001ef   Thumb Code     0  startup_stm32f103xe.o(.text)
    DMA1_Channel7_IRQHandler                 0x080001ef   Thumb Code     0  startup_stm32f103xe.o(.text)
    DMA2_Channel1_IRQHandler                 0x080001ef   Thumb Code     0  startup_stm32f103xe.o(.text)
    DMA2_Channel2_IRQHandler                 0x080001ef   Thumb Code     0  startup_stm32f103xe.o(.text)
    DMA2_Channel3_IRQHandler                 0x080001ef   Thumb Code     0  startup_stm32f103xe.o(.text)
    DMA2_Channel4_5_IRQHandler               0x080001ef   Thumb Code     0  startup_stm32f103xe.o(.text)
    EXTI0_IRQHandler                         0x080001ef   Thumb Code     0  startup_stm32f103xe.o(.text)
    EXTI15_10_IRQHandler                     0x080001ef   Thumb Code     0  startup_stm32f103xe.o(.text)
    EXTI1_IRQHandler                         0x080001ef   Thumb Code     0  startup_stm32f103xe.o(.text)
    EXTI2_IRQHandler                         0x080001ef   Thumb Code     0  startup_stm32f103xe.o(.text)
    EXTI3_IRQHandler                         0x080001ef   Thumb Code     0  startup_stm32f103xe.o(.text)
    EXTI4_IRQHandler                         0x080001ef   Thumb Code     0  startup_stm32f103xe.o(.text)
    EXTI9_5_IRQHandler                       0x080001ef   Thumb Code     0  startup_stm32f103xe.o(.text)
    FLASH_IRQHandler                         0x080001ef   Thumb Code     0  startup_stm32f103xe.o(.text)
    FSMC_IRQHandler                          0x080001ef   Thumb Code     0  startup_stm32f103xe.o(.text)
    I2C1_ER_IRQHandler                       0x080001ef   Thumb Code     0  startup_stm32f103xe.o(.text)
    I2C1_EV_IRQHandler                       0x080001ef   Thumb Code     0  startup_stm32f103xe.o(.text)
    I2C2_ER_IRQHandler                       0x080001ef   Thumb Code     0  startup_stm32f103xe.o(.text)
    I2C2_EV_IRQHandler                       0x080001ef   Thumb Code     0  startup_stm32f103xe.o(.text)
    PVD_IRQHandler                           0x080001ef   Thumb Code     0  startup_stm32f103xe.o(.text)
    RCC_IRQHandler                           0x080001ef   Thumb Code     0  startup_stm32f103xe.o(.text)
    RTC_Alarm_IRQHandler                     0x080001ef   Thumb Code     0  startup_stm32f103xe.o(.text)
    RTC_IRQHandler                           0x080001ef   Thumb Code     0  startup_stm32f103xe.o(.text)
    SDIO_IRQHandler                          0x080001ef   Thumb Code     0  startup_stm32f103xe.o(.text)
    SPI1_IRQHandler                          0x080001ef   Thumb Code     0  startup_stm32f103xe.o(.text)
    SPI2_IRQHandler                          0x080001ef   Thumb Code     0  startup_stm32f103xe.o(.text)
    SPI3_IRQHandler                          0x080001ef   Thumb Code     0  startup_stm32f103xe.o(.text)
    TAMPER_IRQHandler                        0x080001ef   Thumb Code     0  startup_stm32f103xe.o(.text)
    TIM1_BRK_IRQHandler                      0x080001ef   Thumb Code     0  startup_stm32f103xe.o(.text)
    TIM1_CC_IRQHandler                       0x080001ef   Thumb Code     0  startup_stm32f103xe.o(.text)
    TIM1_TRG_COM_IRQHandler                  0x080001ef   Thumb Code     0  startup_stm32f103xe.o(.text)
    TIM1_UP_IRQHandler                       0x080001ef   Thumb Code     0  startup_stm32f103xe.o(.text)
    TIM2_IRQHandler                          0x080001ef   Thumb Code     0  startup_stm32f103xe.o(.text)
    TIM3_IRQHandler                          0x080001ef   Thumb Code     0  startup_stm32f103xe.o(.text)
    TIM4_IRQHandler                          0x080001ef   Thumb Code     0  startup_stm32f103xe.o(.text)
    TIM5_IRQHandler                          0x080001ef   Thumb Code     0  startup_stm32f103xe.o(.text)
    TIM6_IRQHandler                          0x080001ef   Thumb Code     0  startup_stm32f103xe.o(.text)
    TIM7_IRQHandler                          0x080001ef   Thumb Code     0  startup_stm32f103xe.o(.text)
    TIM8_BRK_IRQHandler                      0x080001ef   Thumb Code     0  startup_stm32f103xe.o(.text)
    TIM8_CC_IRQHandler                       0x080001ef   Thumb Code     0  startup_stm32f103xe.o(.text)
    TIM8_TRG_COM_IRQHandler                  0x080001ef   Thumb Code     0  startup_stm32f103xe.o(.text)
    TIM8_UP_IRQHandler                       0x080001ef   Thumb Code     0  startup_stm32f103xe.o(.text)
    UART4_IRQHandler                         0x080001ef   Thumb Code     0  startup_stm32f103xe.o(.text)
    UART5_IRQHandler                         0x080001ef   Thumb Code     0  startup_stm32f103xe.o(.text)
    USART1_IRQHandler                        0x080001ef   Thumb Code     0  startup_stm32f103xe.o(.text)
    USART2_IRQHandler                        0x080001ef   Thumb Code     0  startup_stm32f103xe.o(.text)
    USART3_IRQHandler                        0x080001ef   Thumb Code     0  startup_stm32f103xe.o(.text)
    USBWakeUp_IRQHandler                     0x080001ef   Thumb Code     0  startup_stm32f103xe.o(.text)
    USB_HP_CAN1_TX_IRQHandler                0x080001ef   Thumb Code     0  startup_stm32f103xe.o(.text)
    USB_LP_CAN1_RX0_IRQHandler               0x080001ef   Thumb Code     0  startup_stm32f103xe.o(.text)
    WWDG_IRQHandler                          0x080001ef   Thumb Code     0  startup_stm32f103xe.o(.text)
    __user_initial_stackheap                 0x080001f1   Thumb Code     0  startup_stm32f103xe.o(.text)
    __2snprintf                              0x08000215   Thumb Code    48  noretval__2snprintf.o(.text)
    __printf                                 0x08000249   Thumb Code   104  __printf.o(.text)
    _printf_int_dec                          0x080002b1   Thumb Code   104  _printf_dec.o(.text)
    __aeabi_memclr                           0x08000329   Thumb Code     0  rt_memclr.o(.text)
    __rt_memclr                              0x08000329   Thumb Code    68  rt_memclr.o(.text)
    _memset                                  0x0800032d   Thumb Code     0  rt_memclr.o(.text)
    __aeabi_memclr4                          0x0800036d   Thumb Code     0  rt_memclr_w.o(.text)
    __aeabi_memclr8                          0x0800036d   Thumb Code     0  rt_memclr_w.o(.text)
    __rt_memclr_w                            0x0800036d   Thumb Code    78  rt_memclr_w.o(.text)
    _memset_w                                0x08000371   Thumb Code     0  rt_memclr_w.o(.text)
    strcmp                                   0x080003bd   Thumb Code   128  strcmpv7m.o(.text)
    __use_two_region_memory                  0x0800043d   Thumb Code     2  heapauxi.o(.text)
    __rt_heap_escrow$2region                 0x0800043f   Thumb Code     2  heapauxi.o(.text)
    __rt_heap_expand$2region                 0x08000441   Thumb Code     2  heapauxi.o(.text)
    __read_errno                             0x08000443   Thumb Code    10  _rserrno.o(.text)
    __set_errno                              0x0800044d   Thumb Code    12  _rserrno.o(.text)
    _printf_int_common                       0x08000459   Thumb Code   178  _printf_intcommon.o(.text)
    _printf_char_common                      0x08000517   Thumb Code    32  _printf_char_common.o(.text)
    _sputc                                   0x0800053d   Thumb Code    10  _sputc.o(.text)
    _snputc                                  0x08000547   Thumb Code    16  _snputc.o(.text)
    __aeabi_errno_addr                       0x08000559   Thumb Code     8  rt_errno_addr_intlibspace.o(.text)
    __errno$intlibspace                      0x08000559   Thumb Code     0  rt_errno_addr_intlibspace.o(.text)
    __rt_errno_addr$intlibspace              0x08000559   Thumb Code     0  rt_errno_addr_intlibspace.o(.text)
    __user_libspace                          0x08000561   Thumb Code     8  libspace.o(.text)
    __user_perproc_libspace                  0x08000561   Thumb Code     0  libspace.o(.text)
    __user_perthread_libspace                0x08000561   Thumb Code     0  libspace.o(.text)
    __user_setup_stackheap                   0x08000569   Thumb Code    74  sys_stackheap_outer.o(.text)
    exit                                     0x080005b3   Thumb Code    18  exit.o(.text)
    _sys_exit                                0x080005c5   Thumb Code     8  sys_exit.o(.text)
    __I$use$semihosting                      0x080005d1   Thumb Code     0  use_no_semi.o(.text)
    __use_no_semihosting_swi                 0x080005d1   Thumb Code     2  use_no_semi.o(.text)
    BusFault_Handler                         0x080005d3   Thumb Code     2  stm32f1xx_it.o(i.BusFault_Handler)
    __semihosting_library_function           0x080005d3   Thumb Code     0  indicate_semi.o(.text)
    CCGraphicWidget_AsciiTextItem_on_newLine_point 0x080005d5   Thumb Code    30  ccgraphic_textitem.o(i.CCGraphicWidget_AsciiTextItem_on_newLine_point)
    CCGraphicWidget_AsciiTextItem_relocate   0x080005f3   Thumb Code     6  ccgraphic_textitem.o(i.CCGraphicWidget_AsciiTextItem_relocate)
    CCGraphicWidget_AsciiTextItem_setAsciiText 0x080005f9   Thumb Code     4  ccgraphic_textitem.o(i.CCGraphicWidget_AsciiTextItem_setAsciiText)
    CCGraphicWidget_AsciiTextItem_setIndexedPoint 0x080005fd   Thumb Code     6  ccgraphic_textitem.o(i.CCGraphicWidget_AsciiTextItem_setIndexedPoint)
    CCGraphicWidget_MaxAcceptable_Size       0x08000603   Thumb Code    52  ccgraphicwidget_base.o(i.CCGraphicWidget_MaxAcceptable_Size)
    CCGraphicWidget_drawAsciiTextItem        0x08000639   Thumb Code   164  ccgraphic_textitem.o(i.CCGraphicWidget_drawAsciiTextItem)
    CCGraphicWidget_drawAsciiTextItem_with_finPoint 0x080006e1   Thumb Code   210  ccgraphic_textitem.o(i.CCGraphicWidget_drawAsciiTextItem_with_finPoint)
    CCGraphicWidget_draw_image               0x080007b9   Thumb Code    26  ccgraphic_image.o(i.CCGraphicWidget_draw_image)
    CCGraphicWidget_init_AsciiTextItem       0x080007d5   Thumb Code    14  ccgraphic_textitem.o(i.CCGraphicWidget_init_AsciiTextItem)
    CCGraphicWidget_init_image               0x080007e9   Thumb Code     6  ccgraphic_image.o(i.CCGraphicWidget_init_image)
    CCGraphic_createDeviceFrame              0x080007f1   Thumb Code    70  ccgraphic_frame.o(i.CCGraphic_createDeviceFrame)
    CCGraphic_draw_arc                       0x08000845   Thumb Code   534  ccgraphic_arc.o(i.CCGraphic_draw_arc)
    CCGraphic_draw_circle                    0x08000a5b   Thumb Code   328  ccgraphic_circle.o(i.CCGraphic_draw_circle)
    CCGraphic_draw_ellipse                   0x08000ba5   Thumb Code   674  ccgraphic_ellipse.o(i.CCGraphic_draw_ellipse)
    CCGraphic_draw_line                      0x08000e4d   Thumb Code   132  ccgraphic_line.o(i.CCGraphic_draw_line)
    CCGraphic_draw_point                     0x08000ed1   Thumb Code     8  ccgraphic_point.o(i.CCGraphic_draw_point)
    CCGraphic_draw_rectangle                 0x08000ed9   Thumb Code   104  ccgraphic_rectangle.o(i.CCGraphic_draw_rectangle)
    CCGraphic_drawfilled_circle              0x08000f41   Thumb Code   508  ccgraphic_circle.o(i.CCGraphic_drawfilled_circle)
    CCGraphic_drawfilled_ellipse             0x0800113d   Thumb Code   856  ccgraphic_ellipse.o(i.CCGraphic_drawfilled_ellipse)
    CCGraphic_drawfilled_rectangle           0x08001499   Thumb Code    54  ccgraphic_rectangle.o(i.CCGraphic_drawfilled_rectangle)
    CCGraphic_drawfilled_triangle            0x080014cf   Thumb Code   150  ccgraphic_triangle.o(i.CCGraphic_drawfilled_triangle)
    CCGraphic_init_CCGraphicTextEdit         0x08001565   Thumb Code    42  ccgraphic_textedit.o(i.CCGraphic_init_CCGraphicTextEdit)
    CCGraphic_init_CCGraphic_Arc             0x080015b1   Thumb Code    14  ccgraphic_arc.o(i.CCGraphic_init_CCGraphic_Arc)
    CCGraphic_init_Menu                      0x080015c1   Thumb Code   118  ccgraphic_menu.o(i.CCGraphic_init_Menu)
    CCGraphic_init_circle                    0x08001665   Thumb Code     6  ccgraphic_circle.o(i.CCGraphic_init_circle)
    CCGraphic_init_ellipse                   0x0800166b   Thumb Code     8  ccgraphic_ellipse.o(i.CCGraphic_init_ellipse)
    CCGraphic_init_line                      0x08001673   Thumb Code     6  ccgraphic_line.o(i.CCGraphic_init_line)
    CCGraphic_init_point                     0x08001679   Thumb Code     6  ccgraphic_point.o(i.CCGraphic_init_point)
    CCGraphic_init_rectangle                 0x0800167f   Thumb Code     6  ccgraphic_rectangle.o(i.CCGraphic_init_rectangle)
    CCGraphic_init_triangle                  0x08001685   Thumb Code     8  ccgraphic_triangle.o(i.CCGraphic_init_triangle)
    DebugMon_Handler                         0x0800168d   Thumb Code     2  stm32f1xx_it.o(i.DebugMon_Handler)
    HAL_Delay                                0x08001691   Thumb Code    32  stm32f1xx_hal.o(i.HAL_Delay)
    HAL_GPIO_Init                            0x080016b5   Thumb Code   462  stm32f1xx_hal_gpio.o(i.HAL_GPIO_Init)
    HAL_GPIO_WritePin                        0x080018ad   Thumb Code    10  stm32f1xx_hal_gpio.o(i.HAL_GPIO_WritePin)
    HAL_GetTick                              0x080018b9   Thumb Code     6  stm32f1xx_hal.o(i.HAL_GetTick)
    HAL_IncTick                              0x080018c5   Thumb Code    12  stm32f1xx_hal.o(i.HAL_IncTick)
    HAL_Init                                 0x080018d5   Thumb Code    32  stm32f1xx_hal.o(i.HAL_Init)
    HAL_InitTick                             0x080018f9   Thumb Code    54  stm32f1xx_hal.o(i.HAL_InitTick)
    HAL_MspInit                              0x08001939   Thumb Code    52  stm32f1xx_hal_msp.o(i.HAL_MspInit)
    HAL_NVIC_SetPriority                     0x08001975   Thumb Code    60  stm32f1xx_hal_cortex.o(i.HAL_NVIC_SetPriority)
    HAL_NVIC_SetPriorityGrouping             0x080019b5   Thumb Code    26  stm32f1xx_hal_cortex.o(i.HAL_NVIC_SetPriorityGrouping)
    HAL_RCC_ClockConfig                      0x080019d9   Thumb Code   280  stm32f1xx_hal_rcc.o(i.HAL_RCC_ClockConfig)
    HAL_RCC_GetSysClockFreq                  0x08001b05   Thumb Code    58  stm32f1xx_hal_rcc.o(i.HAL_RCC_GetSysClockFreq)
    HAL_RCC_OscConfig                        0x08001b51   Thumb Code   778  stm32f1xx_hal_rcc.o(i.HAL_RCC_OscConfig)
    HAL_SYSTICK_Config                       0x08001e71   Thumb Code    40  stm32f1xx_hal_cortex.o(i.HAL_SYSTICK_Config)
    HardFault_Handler                        0x08001e99   Thumb Code     2  stm32f1xx_it.o(i.HardFault_Handler)
    MX_GPIO_Init                             0x08001e9b   Thumb Code     2  gpio.o(i.MX_GPIO_Init)
    MemManage_Handler                        0x08001e9d   Thumb Code     2  stm32f1xx_it.o(i.MemManage_Handler)
    NMI_Handler                              0x08001e9f   Thumb Code     2  stm32f1xx_it.o(i.NMI_Handler)
    PendSV_Handler                           0x08001ea1   Thumb Code     2  stm32f1xx_it.o(i.PendSV_Handler)
    SVC_Handler                              0x08001ea3   Thumb Code     2  stm32f1xx_it.o(i.SVC_Handler)
    SysTick_Handler                          0x08001ea5   Thumb Code     4  stm32f1xx_it.o(i.SysTick_Handler)
    SystemClock_Config                       0x08001ea9   Thumb Code    94  main.o(i.SystemClock_Config)
    SystemInit                               0x08001f07   Thumb Code     2  system_stm32f1xx_1.o(i.SystemInit)
    UsageFault_Handler                       0x08001f09   Thumb Code     2  stm32f1xx_it.o(i.UsageFault_Handler)
    __ARM_fpclassify                         0x08001f0b   Thumb Code    40  fpclassify.o(i.__ARM_fpclassify)
    __fetch_font_size                        0x08001f55   Thumb Code    38  ccgraphic_textconfig.o(i.__fetch_font_size)
    __kernel_poly                            0x08001f99   Thumb Code   170  poly.o(i.__kernel_poly)
    __mathlib_dbl_infnan                     0x08002043   Thumb Code     6  dunder.o(i.__mathlib_dbl_infnan)
    __mathlib_dbl_infnan2                    0x08002049   Thumb Code     4  dunder.o(i.__mathlib_dbl_infnan2)
    __mathlib_dbl_underflow                  0x0800204d   Thumb Code    10  dunder.o(i.__mathlib_dbl_underflow)
    __pvt_BresenhamMethod_line               0x0800206f   Thumb Code   274  ccgraphic_line.o(i.__pvt_BresenhamMethod_line)
    __pvt_do_stepped_animate                 0x0800223f   Thumb Code    48  ccgraphic_menu.o(i.__pvt_do_stepped_animate)
    __pvt_hide_CCGraphic_Menu                0x08002419   Thumb Code    38  ccgraphic_menu.o(i.__pvt_hide_CCGraphic_Menu)
    __pvt_oled_set_cursor                    0x08002609   Thumb Code    50  oled_base_driver_ssd1309.o(i.__pvt_oled_set_cursor)
    __pvt_show_CCGraphic_Menu                0x080028f7   Thumb Code     4  ccgraphic_menu.o(i.__pvt_show_CCGraphic_Menu)
    __pvt_show_textEditOnly                  0x080028fd   Thumb Code    76  ccgraphic_menu.o(i.__pvt_show_textEditOnly)
    __register_paintdevice                   0x080029dd   Thumb Code    64  ccgraphic_device_adapter.o(i.__register_paintdevice)
    __select_from_ascii_font_size            0x08002a51   Thumb Code    36  ccgraphic_textconfig.o(i.__select_from_ascii_font_size)
    atan                                     0x08002dc1   Thumb Code   474  atan.o(i.atan)
    atan2                                    0x08002fe1   Thumb Code   374  atan2.o(i.atan2)
    clear_area_device_oled                   0x0800317d   Thumb Code    14  ccgraphic_device_oled_adapter.o(i.clear_area_device_oled)
    clear_device_oled                        0x0800318b   Thumb Code     6  ccgraphic_device_oled_adapter.o(i.clear_device_oled)
    close_device_oled                        0x08003191   Thumb Code     6  ccgraphic_device_oled_adapter.o(i.close_device_oled)
    close_oled                               0x08003197   Thumb Code    20  oled_base_driver_ssd1309.o(i.close_oled)
    draw_area_device_oled                    0x080031ab   Thumb Code    18  ccgraphic_device_oled_adapter.o(i.draw_area_device_oled)
    find_int16max                            0x080031bd   Thumb Code    32  ccgraphic_utils.o(i.find_int16max)
    find_int16min                            0x080031dd   Thumb Code    32  ccgraphic_utils.o(i.find_int16min)
    init_device_oled                         0x080031fd   Thumb Code    16  ccgraphic_device_oled_adapter.o(i.init_device_oled)
    main                                     0x0800320d   Thumb Code    22  main.o(i.main)
    max_uint16                               0x08003223   Thumb Code     8  ccgraphic_utils.o(i.max_uint16)
    min_uint16                               0x0800322b   Thumb Code     8  ccgraphic_utils.o(i.min_uint16)
    oled_bind_softspi_pack                   0x08003235   Thumb Code    60  soft_spi.o(i.oled_bind_softspi_pack)
    oled_height                              0x08003279   Thumb Code     4  oled_base_driver_ssd1309.o(i.oled_height)
    oled_helper_clear_area                   0x0800327d   Thumb Code   102  oled_base_driver_ssd1309.o(i.oled_helper_clear_area)
    oled_helper_clear_frame                  0x080032e9   Thumb Code    10  oled_base_driver_ssd1309.o(i.oled_helper_clear_frame)
    oled_helper_draw_area                    0x080032f9   Thumb Code   174  oled_base_driver_ssd1309.o(i.oled_helper_draw_area)
    oled_helper_reverse                      0x080033ad   Thumb Code    40  oled_base_driver_ssd1309.o(i.oled_helper_reverse)
    oled_helper_reversearea                  0x080033d9   Thumb Code   102  oled_base_driver_ssd1309.o(i.oled_helper_reversearea)
    oled_helper_setpixel                     0x08003445   Thumb Code    38  oled_base_driver_ssd1309.o(i.oled_helper_setpixel)
    oled_helper_update                       0x08003471   Thumb Code    50  oled_base_driver_ssd1309.o(i.oled_helper_update)
    oled_helper_update_area                  0x080034a9   Thumb Code   124  oled_base_driver_ssd1309.o(i.oled_helper_update_area)
    oled_init_softspi_handle                 0x08003529   Thumb Code    54  oled_base_driver_ssd1309.o(i.oled_init_softspi_handle)
    oled_soft_spi_setup                      0x08003569   Thumb Code    60  soft_spi_fast_setup.o(i.oled_soft_spi_setup)
    oled_support_rgb                         0x080035ad   Thumb Code     4  oled_base_driver_ssd1309.o(i.oled_support_rgb)
    oled_width                               0x080035b1   Thumb Code     4  oled_base_driver_ssd1309.o(i.oled_width)
    on_test_component_frame_test             0x080035b5   Thumb Code    44  graphoc_test_components.o(i.on_test_component_frame_test)
    on_test_component_menu                   0x080035e1   Thumb Code   388  graphoc_test_components.o(i.on_test_component_menu)
    on_test_component_textEdit_test          0x0800376d   Thumb Code   172  graphoc_test_components.o(i.on_test_component_textEdit_test)
    on_test_draw_arc                         0x080038e5   Thumb Code    48  graphic_test_base.o(i.on_test_draw_arc)
    on_test_draw_ascii                       0x08003915   Thumb Code   162  graphic_test_widget.o(i.on_test_draw_ascii)
    on_test_draw_circle                      0x08003a19   Thumb Code    70  graphic_test_base.o(i.on_test_draw_circle)
    on_test_draw_ellipse                     0x08003a5f   Thumb Code    74  graphic_test_base.o(i.on_test_draw_ellipse)
    on_test_draw_image                       0x08003aa9   Thumb Code    54  graphic_test_widget.o(i.on_test_draw_image)
    on_test_draw_line                        0x08003ae5   Thumb Code   134  graphic_test_base.o(i.on_test_draw_line)
    on_test_draw_points                      0x08003b6b   Thumb Code    50  graphic_test_base.o(i.on_test_draw_points)
    on_test_draw_rectangle                   0x08003b9d   Thumb Code    88  graphic_test_base.o(i.on_test_draw_rectangle)
    on_test_draw_triangle                    0x08003bf5   Thumb Code    60  graphic_test_base.o(i.on_test_draw_triangle)
    on_test_init_softspi_oled                0x08003c31   Thumb Code     4  graphic_test_device.o(i.on_test_init_softspi_oled)
    open_device_oled                         0x08003c35   Thumb Code     6  ccgraphic_device_oled_adapter.o(i.open_device_oled)
    open_oled                                0x08003c3b   Thumb Code    20  oled_base_driver_ssd1309.o(i.open_oled)
    property_fetcher_device_oled             0x08003c4f   Thumb Code    42  ccgraphic_device_oled_adapter.o(i.property_fetcher_device_oled)
    reverse_device_oled                      0x08003c79   Thumb Code     6  ccgraphic_device_oled_adapter.o(i.reverse_device_oled)
    reversearea_device_oled                  0x08003c7f   Thumb Code    14  ccgraphic_device_oled_adapter.o(i.reversearea_device_oled)
    set_property_device_oled                 0x08003c8d   Thumb Code     6  ccgraphic_device_oled_adapter.o(i.set_property_device_oled)
    set_property_oled                        0x08003c93   Thumb Code     2  oled_base_driver_ssd1309.o(i.set_property_oled)
    setpixel_device_oled                     0x08003c95   Thumb Code     6  ccgraphic_device_oled_adapter.o(i.setpixel_device_oled)
    swap_int16                               0x08003c9b   Thumb Code    30  ccgraphic_utils.o(i.swap_int16)
    test_clear                               0x08003cb9   Thumb Code    18  oled_test.o(i.test_clear)
    test_graphic_softspi_functionalities     0x08003ccb   Thumb Code    20  test_all.o(i.test_graphic_softspi_functionalities)
    test_oled_spi_functionalities            0x08003cdf   Thumb Code    58  test_all.o(i.test_oled_spi_functionalities)
    test_set_pixel_line                      0x08003d19   Thumb Code    44  oled_test.o(i.test_set_pixel_line)
    update_area_device_oled                  0x08003d45   Thumb Code    14  ccgraphic_device_oled_adapter.o(i.update_area_device_oled)
    update_device_oled                       0x08003d53   Thumb Code     6  ccgraphic_device_oled_adapter.o(i.update_device_oled)
    user_init_soft_spi_oled_handle           0x08003d59   Thumb Code    42  oled_test_soft_spi.o(i.user_init_soft_spi_oled_handle)
    __aeabi_d2f                              0x08003d8d   Thumb Code     0  d2f.o(x$fpl$d2f)
    _d2f                                     0x08003d8d   Thumb Code    98  d2f.o(x$fpl$d2f)
    __aeabi_dadd                             0x08003df1   Thumb Code     0  daddsub_clz.o(x$fpl$dadd)
    _dadd                                    0x08003df1   Thumb Code   332  daddsub_clz.o(x$fpl$dadd)
    __fpl_dcheck_NaN1                        0x08003f41   Thumb Code    10  dcheck1.o(x$fpl$dcheck1)
    __fpl_dcmp_Inf                           0x08003f51   Thumb Code    24  dcmpi.o(x$fpl$dcmpinf)
    __aeabi_ddiv                             0x08003f69   Thumb Code     0  ddiv.o(x$fpl$ddiv)
    _ddiv                                    0x08003f69   Thumb Code   552  ddiv.o(x$fpl$ddiv)
    __aeabi_cdcmpeq                          0x08004219   Thumb Code     0  deqf.o(x$fpl$deqf)
    _dcmpeq                                  0x08004219   Thumb Code   120  deqf.o(x$fpl$deqf)
    __aeabi_d2iz                             0x08004291   Thumb Code     0  dfix.o(x$fpl$dfix)
    _dfix                                    0x08004291   Thumb Code    94  dfix.o(x$fpl$dfix)
    __aeabi_i2d                              0x080042ef   Thumb Code     0  dflt_clz.o(x$fpl$dflt)
    _dflt                                    0x080042ef   Thumb Code    46  dflt_clz.o(x$fpl$dflt)
    __aeabi_ui2d                             0x0800431d   Thumb Code     0  dflt_clz.o(x$fpl$dfltu)
    _dfltu                                   0x0800431d   Thumb Code    38  dflt_clz.o(x$fpl$dfltu)
    __aeabi_cdcmple                          0x08004345   Thumb Code     0  dleqf.o(x$fpl$dleqf)
    _dcmple                                  0x08004345   Thumb Code   120  dleqf.o(x$fpl$dleqf)
    __fpl_dcmple_InfNaN                      0x080043a7   Thumb Code     0  dleqf.o(x$fpl$dleqf)
    __aeabi_dmul                             0x080043bd   Thumb Code     0  dmul.o(x$fpl$dmul)
    _dmul                                    0x080043bd   Thumb Code   332  dmul.o(x$fpl$dmul)
    __fpl_dnaninf                            0x08004511   Thumb Code   156  dnaninf.o(x$fpl$dnaninf)
    __fpl_dretinf                            0x080045ad   Thumb Code    12  dretinf.o(x$fpl$dretinf)
    __aeabi_drsub                            0x080045b9   Thumb Code     0  daddsub_clz.o(x$fpl$drsb)
    _drsb                                    0x080045b9   Thumb Code    22  daddsub_clz.o(x$fpl$drsb)
    __aeabi_dsub                             0x080045d1   Thumb Code     0  daddsub_clz.o(x$fpl$dsub)
    _dsub                                    0x080045d1   Thumb Code   464  daddsub_clz.o(x$fpl$dsub)
    __aeabi_fadd                             0x080047a5   Thumb Code     0  faddsub_clz.o(x$fpl$fadd)
    _fadd                                    0x080047a5   Thumb Code   196  faddsub_clz.o(x$fpl$fadd)
    __aeabi_i2f                              0x08004869   Thumb Code     0  fflt_clz.o(x$fpl$fflt)
    _fflt                                    0x08004869   Thumb Code    48  fflt_clz.o(x$fpl$fflt)
    __fpl_fnaninf                            0x08004899   Thumb Code   140  fnaninf.o(x$fpl$fnaninf)
    __fpl_fretinf                            0x08004925   Thumb Code    10  fretinf.o(x$fpl$fretinf)
    __aeabi_fsub                             0x08004931   Thumb Code     0  faddsub_clz.o(x$fpl$fsub)
    _fsub                                    0x08004931   Thumb Code   234  faddsub_clz.o(x$fpl$fsub)
    __fpl_return_NaN                         0x08004a1b   Thumb Code   100  retnan.o(x$fpl$retnan)
    __ARM_scalbn                             0x08004a7f   Thumb Code    92  scalbn.o(x$fpl$scalbn)
    __fpl_cmpreturn                          0x08004adb   Thumb Code    48  trapv.o(x$fpl$trapveneer)
    __I$use$fp                               0x08004b0a   Number         0  usenofp.o(x$fpl$usenofp)
    ascii6x8_sources                         0x08004b0a   Data         570  ascii6x8.source.o(.constdata)
    ascii8x16_sources                        0x08004d44   Data        1520  ascii8x16.source.o(.constdata)
    oled_spi_init_command                    0x08005334   Data          23  oled_base_driver_ssd1309.o(.constdata)
    test_image                               0x0800534b   Data          32  test_image.o(.constdata)
    settingsImage                            0x0800536b   Data          32  test_image.o(.constdata)
    helpImage                                0x0800538b   Data          32  test_image.o(.constdata)
    quitImage                                0x080053ab   Data          32  test_image.o(.constdata)
    playImage                                0x080053cb   Data          32  test_image.o(.constdata)
    AHBPrescTable                            0x080053fd   Data          16  system_stm32f1xx_1.o(.constdata)
    __mathlib_zero                           0x080054a8   Data           8  qnan.o(.constdata)
    Region$$Table$$Base                      0x08005544   Number         0  anon$$obj.o(Region$$Table)
    Region$$Table$$Limit                     0x08005564   Number         0  anon$$obj.o(Region$$Table)
    items                                    0x20000000   Data          48  graphoc_test_components.o(.data)
    icons                                    0x20000030   Data          48  graphoc_test_components.o(.data)
    itemsSub                                 0x20000060   Data          24  graphoc_test_components.o(.data)
    iconsSub                                 0x20000078   Data          24  graphoc_test_components.o(.data)
    soft_spi_handle                          0x200000e0   Data           8  soft_spi_fast_setup.o(.data)
    soft_spi_config                          0x200000e8   Data           8  soft_spi_fast_setup.o(.data)
    uwTickFreq                               0x200000f0   Data           1  stm32f1xx_hal.o(.data)
    uwTickPrio                               0x200000f4   Data           4  stm32f1xx_hal.o(.data)
    uwTick                                   0x200000f8   Data           4  stm32f1xx_hal.o(.data)
    SystemCoreClock                          0x200000fc   Data           4  system_stm32f1xx_1.o(.data)
    animations                               0x20000100   Data          24  graphoc_test_components.o(.bss)
    menu                                     0x20000118   Data          68  graphoc_test_components.o(.bss)
    submenu                                  0x2000015c   Data          68  graphoc_test_components.o(.bss)
    OLED_GRAM                                0x200001a0   Data        1152  oled_base_driver_ssd1309.o(.bss)
    config                                   0x20000620   Data          48  oled_test_soft_spi.o(.bss)
    soft_spi_pvt_config                      0x20000650   Data          48  soft_spi_fast_setup.o(.bss)
    __libspace_start                         0x20000680   Data          96  libspace.o(.bss)
    __temporary_stack_top$libspace           0x200006e0   Data           0  libspace.o(.bss)



==============================================================================

Memory Map of the image

  Image Entry point : 0x08000131

  Load Region LR_IROM1 (Base: 0x08000000, Size: 0x00005664, Max: 0x00080000, ABSOLUTE)

    Execution Region ER_IROM1 (Exec base: 0x08000000, Load base: 0x08000000, Size: 0x00005564, Max: 0x00080000, ABSOLUTE)

    Exec Addr    Load Addr    Size         Type   Attr      Idx    E Section Name        Object

    0x08000000   0x08000000   0x00000130   Data   RO            3    RESET               startup_stm32f103xe.o
    0x08000130   0x08000130   0x00000008   Code   RO         2930  * !!!main             c_w.l(__main.o)
    0x08000138   0x08000138   0x00000034   Code   RO         3203    !!!scatter          c_w.l(__scatter.o)
    0x0800016c   0x0800016c   0x0000001a   Code   RO         3205    !!handler_copy      c_w.l(__scatter_copy.o)
    0x08000186   0x08000186   0x00000002   PAD
    0x08000188   0x08000188   0x0000001c   Code   RO         3207    !!handler_zi        c_w.l(__scatter_zi.o)
    0x080001a4   0x080001a4   0x00000000   Code   RO         2921    .ARM.Collect$$_printf_percent$$00000000  c_w.l(_printf_percent.o)
    0x080001a4   0x080001a4   0x00000006   Code   RO         2920    .ARM.Collect$$_printf_percent$$00000009  c_w.l(_printf_d.o)
    0x080001aa   0x080001aa   0x00000004   Code   RO         2989    .ARM.Collect$$_printf_percent$$00000017  c_w.l(_printf_percent_end.o)
    0x080001ae   0x080001ae   0x00000002   Code   RO         3068    .ARM.Collect$$libinit$$00000000  c_w.l(libinit.o)
    0x080001b0   0x080001b0   0x00000000   Code   RO         3074    .ARM.Collect$$libinit$$00000002  c_w.l(libinit2.o)
    0x080001b0   0x080001b0   0x00000000   Code   RO         3076    .ARM.Collect$$libinit$$00000004  c_w.l(libinit2.o)
    0x080001b0   0x080001b0   0x00000000   Code   RO         3079    .ARM.Collect$$libinit$$0000000A  c_w.l(libinit2.o)
    0x080001b0   0x080001b0   0x00000000   Code   RO         3081    .ARM.Collect$$libinit$$0000000C  c_w.l(libinit2.o)
    0x080001b0   0x080001b0   0x00000000   Code   RO         3083    .ARM.Collect$$libinit$$0000000E  c_w.l(libinit2.o)
    0x080001b0   0x080001b0   0x00000000   Code   RO         3086    .ARM.Collect$$libinit$$00000011  c_w.l(libinit2.o)
    0x080001b0   0x080001b0   0x00000000   Code   RO         3088    .ARM.Collect$$libinit$$00000013  c_w.l(libinit2.o)
    0x080001b0   0x080001b0   0x00000000   Code   RO         3090    .ARM.Collect$$libinit$$00000015  c_w.l(libinit2.o)
    0x080001b0   0x080001b0   0x00000000   Code   RO         3092    .ARM.Collect$$libinit$$00000017  c_w.l(libinit2.o)
    0x080001b0   0x080001b0   0x00000000   Code   RO         3094    .ARM.Collect$$libinit$$00000019  c_w.l(libinit2.o)
    0x080001b0   0x080001b0   0x00000000   Code   RO         3096    .ARM.Collect$$libinit$$0000001B  c_w.l(libinit2.o)
    0x080001b0   0x080001b0   0x00000000   Code   RO         3098    .ARM.Collect$$libinit$$0000001D  c_w.l(libinit2.o)
    0x080001b0   0x080001b0   0x00000000   Code   RO         3100    .ARM.Collect$$libinit$$0000001F  c_w.l(libinit2.o)
    0x080001b0   0x080001b0   0x00000000   Code   RO         3102    .ARM.Collect$$libinit$$00000021  c_w.l(libinit2.o)
    0x080001b0   0x080001b0   0x00000000   Code   RO         3104    .ARM.Collect$$libinit$$00000023  c_w.l(libinit2.o)
    0x080001b0   0x080001b0   0x00000000   Code   RO         3106    .ARM.Collect$$libinit$$00000025  c_w.l(libinit2.o)
    0x080001b0   0x080001b0   0x00000000   Code   RO         3110    .ARM.Collect$$libinit$$0000002C  c_w.l(libinit2.o)
    0x080001b0   0x080001b0   0x00000000   Code   RO         3112    .ARM.Collect$$libinit$$0000002E  c_w.l(libinit2.o)
    0x080001b0   0x080001b0   0x00000000   Code   RO         3114    .ARM.Collect$$libinit$$00000030  c_w.l(libinit2.o)
    0x080001b0   0x080001b0   0x00000000   Code   RO         3116    .ARM.Collect$$libinit$$00000032  c_w.l(libinit2.o)
    0x080001b0   0x080001b0   0x00000002   Code   RO         3117    .ARM.Collect$$libinit$$00000033  c_w.l(libinit2.o)
    0x080001b2   0x080001b2   0x00000002   Code   RO         3141    .ARM.Collect$$libshutdown$$00000000  c_w.l(libshutdown.o)
    0x080001b4   0x080001b4   0x00000000   Code   RO         3154    .ARM.Collect$$libshutdown$$00000002  c_w.l(libshutdown2.o)
    0x080001b4   0x080001b4   0x00000000   Code   RO         3156    .ARM.Collect$$libshutdown$$00000004  c_w.l(libshutdown2.o)
    0x080001b4   0x080001b4   0x00000000   Code   RO         3158    .ARM.Collect$$libshutdown$$00000006  c_w.l(libshutdown2.o)
    0x080001b4   0x080001b4   0x00000000   Code   RO         3161    .ARM.Collect$$libshutdown$$00000009  c_w.l(libshutdown2.o)
    0x080001b4   0x080001b4   0x00000000   Code   RO         3164    .ARM.Collect$$libshutdown$$0000000C  c_w.l(libshutdown2.o)
    0x080001b4   0x080001b4   0x00000000   Code   RO         3166    .ARM.Collect$$libshutdown$$0000000E  c_w.l(libshutdown2.o)
    0x080001b4   0x080001b4   0x00000000   Code   RO         3169    .ARM.Collect$$libshutdown$$00000011  c_w.l(libshutdown2.o)
    0x080001b4   0x080001b4   0x00000002   Code   RO         3170    .ARM.Collect$$libshutdown$$00000012  c_w.l(libshutdown2.o)
    0x080001b6   0x080001b6   0x00000000   Code   RO         2978    .ARM.Collect$$rtentry$$00000000  c_w.l(__rtentry.o)
    0x080001b6   0x080001b6   0x00000000   Code   RO         3029    .ARM.Collect$$rtentry$$00000002  c_w.l(__rtentry2.o)
    0x080001b6   0x080001b6   0x00000006   Code   RO         3041    .ARM.Collect$$rtentry$$00000004  c_w.l(__rtentry4.o)
    0x080001bc   0x080001bc   0x00000000   Code   RO         3031    .ARM.Collect$$rtentry$$00000009  c_w.l(__rtentry2.o)
    0x080001bc   0x080001bc   0x00000004   Code   RO         3032    .ARM.Collect$$rtentry$$0000000A  c_w.l(__rtentry2.o)
    0x080001c0   0x080001c0   0x00000000   Code   RO         3034    .ARM.Collect$$rtentry$$0000000C  c_w.l(__rtentry2.o)
    0x080001c0   0x080001c0   0x00000008   Code   RO         3035    .ARM.Collect$$rtentry$$0000000D  c_w.l(__rtentry2.o)
    0x080001c8   0x080001c8   0x00000002   Code   RO         3071    .ARM.Collect$$rtexit$$00000000  c_w.l(rtexit.o)
    0x080001ca   0x080001ca   0x00000000   Code   RO         3121    .ARM.Collect$$rtexit$$00000002  c_w.l(rtexit2.o)
    0x080001ca   0x080001ca   0x00000004   Code   RO         3122    .ARM.Collect$$rtexit$$00000003  c_w.l(rtexit2.o)
    0x080001ce   0x080001ce   0x00000006   Code   RO         3123    .ARM.Collect$$rtexit$$00000004  c_w.l(rtexit2.o)
    0x080001d4   0x080001d4   0x00000040   Code   RO            4    .text               startup_stm32f103xe.o
    0x08000214   0x08000214   0x00000034   Code   RO         2894    .text               c_w.l(noretval__2snprintf.o)
    0x08000248   0x08000248   0x00000068   Code   RO         2896    .text               c_w.l(__printf.o)
    0x080002b0   0x080002b0   0x00000078   Code   RO         2898    .text               c_w.l(_printf_dec.o)
    0x08000328   0x08000328   0x00000044   Code   RO         2922    .text               c_w.l(rt_memclr.o)
    0x0800036c   0x0800036c   0x0000004e   Code   RO         2924    .text               c_w.l(rt_memclr_w.o)
    0x080003ba   0x080003ba   0x00000002   PAD
    0x080003bc   0x080003bc   0x00000080   Code   RO         2926    .text               c_w.l(strcmpv7m.o)
    0x0800043c   0x0800043c   0x00000006   Code   RO         2928    .text               c_w.l(heapauxi.o)
    0x08000442   0x08000442   0x00000016   Code   RO         2979    .text               c_w.l(_rserrno.o)
    0x08000458   0x08000458   0x000000b2   Code   RO         2981    .text               c_w.l(_printf_intcommon.o)
    0x0800050a   0x0800050a   0x00000002   PAD
    0x0800050c   0x0800050c   0x00000030   Code   RO         2983    .text               c_w.l(_printf_char_common.o)
    0x0800053c   0x0800053c   0x0000000a   Code   RO         2985    .text               c_w.l(_sputc.o)
    0x08000546   0x08000546   0x00000010   Code   RO         2987    .text               c_w.l(_snputc.o)
    0x08000556   0x08000556   0x00000002   PAD
    0x08000558   0x08000558   0x00000008   Code   RO         3046    .text               c_w.l(rt_errno_addr_intlibspace.o)
    0x08000560   0x08000560   0x00000008   Code   RO         3056    .text               c_w.l(libspace.o)
    0x08000568   0x08000568   0x0000004a   Code   RO         3059    .text               c_w.l(sys_stackheap_outer.o)
    0x080005b2   0x080005b2   0x00000012   Code   RO         3061    .text               c_w.l(exit.o)
    0x080005c4   0x080005c4   0x0000000c   Code   RO         3133    .text               c_w.l(sys_exit.o)
    0x080005d0   0x080005d0   0x00000002   Code   RO         3144    .text               c_w.l(use_no_semi.o)
    0x080005d2   0x080005d2   0x00000000   Code   RO         3146    .text               c_w.l(indicate_semi.o)
    0x080005d2   0x080005d2   0x00000002   Code   RO         1648    i.BusFault_Handler  stm32f1xx_it.o
    0x080005d4   0x080005d4   0x0000001e   Code   RO          742    i.CCGraphicWidget_AsciiTextItem_on_newLine_point  ccgraphic_textitem.o
    0x080005f2   0x080005f2   0x00000006   Code   RO          743    i.CCGraphicWidget_AsciiTextItem_relocate  ccgraphic_textitem.o
    0x080005f8   0x080005f8   0x00000004   Code   RO          744    i.CCGraphicWidget_AsciiTextItem_setAsciiText  ccgraphic_textitem.o
    0x080005fc   0x080005fc   0x00000006   Code   RO          745    i.CCGraphicWidget_AsciiTextItem_setIndexedPoint  ccgraphic_textitem.o
    0x08000602   0x08000602   0x00000034   Code   RO          911    i.CCGraphicWidget_MaxAcceptable_Size  ccgraphicwidget_base.o
    0x08000636   0x08000636   0x00000002   PAD
    0x08000638   0x08000638   0x000000a8   Code   RO          746    i.CCGraphicWidget_drawAsciiTextItem  ccgraphic_textitem.o
    0x080006e0   0x080006e0   0x000000d8   Code   RO          747    i.CCGraphicWidget_drawAsciiTextItem_with_finPoint  ccgraphic_textitem.o
    0x080007b8   0x080007b8   0x0000001a   Code   RO          424    i.CCGraphicWidget_draw_image  ccgraphic_image.o
    0x080007d2   0x080007d2   0x00000002   PAD
    0x080007d4   0x080007d4   0x00000014   Code   RO          748    i.CCGraphicWidget_init_AsciiTextItem  ccgraphic_textitem.o
    0x080007e8   0x080007e8   0x00000006   Code   RO          425    i.CCGraphicWidget_init_image  ccgraphic_image.o
    0x080007ee   0x080007ee   0x00000002   PAD
    0x080007f0   0x080007f0   0x00000054   Code   RO          388    i.CCGraphic_createDeviceFrame  ccgraphic_frame.o
    0x08000844   0x08000844   0x00000216   Code   RO           35    i.CCGraphic_draw_arc  ccgraphic_arc.o
    0x08000a5a   0x08000a5a   0x00000148   Code   RO           83    i.CCGraphic_draw_circle  ccgraphic_circle.o
    0x08000ba2   0x08000ba2   0x00000002   PAD
    0x08000ba4   0x08000ba4   0x000002a8   Code   RO          361    i.CCGraphic_draw_ellipse  ccgraphic_ellipse.o
    0x08000e4c   0x08000e4c   0x00000084   Code   RO          445    i.CCGraphic_draw_line  ccgraphic_line.o
    0x08000ed0   0x08000ed0   0x00000008   Code   RO          607    i.CCGraphic_draw_point  ccgraphic_point.o
    0x08000ed8   0x08000ed8   0x00000068   Code   RO          625    i.CCGraphic_draw_rectangle  ccgraphic_rectangle.o
    0x08000f40   0x08000f40   0x000001fc   Code   RO           84    i.CCGraphic_drawfilled_circle  ccgraphic_circle.o
    0x0800113c   0x0800113c   0x0000035c   Code   RO          362    i.CCGraphic_drawfilled_ellipse  ccgraphic_ellipse.o
    0x08001498   0x08001498   0x00000036   Code   RO          626    i.CCGraphic_drawfilled_rectangle  ccgraphic_rectangle.o
    0x080014ce   0x080014ce   0x00000096   Code   RO          814    i.CCGraphic_drawfilled_triangle  ccgraphic_triangle.o
    0x08001564   0x08001564   0x0000004c   Code   RO          686    i.CCGraphic_init_CCGraphicTextEdit  ccgraphic_textedit.o
    0x080015b0   0x080015b0   0x0000000e   Code   RO           37    i.CCGraphic_init_CCGraphic_Arc  ccgraphic_arc.o
    0x080015be   0x080015be   0x00000002   PAD
    0x080015c0   0x080015c0   0x000000a4   Code   RO          472    i.CCGraphic_init_Menu  ccgraphic_menu.o
    0x08001664   0x08001664   0x00000006   Code   RO           85    i.CCGraphic_init_circle  ccgraphic_circle.o
    0x0800166a   0x0800166a   0x00000008   Code   RO          363    i.CCGraphic_init_ellipse  ccgraphic_ellipse.o
    0x08001672   0x08001672   0x00000006   Code   RO          446    i.CCGraphic_init_line  ccgraphic_line.o
    0x08001678   0x08001678   0x00000006   Code   RO          608    i.CCGraphic_init_point  ccgraphic_point.o
    0x0800167e   0x0800167e   0x00000006   Code   RO          627    i.CCGraphic_init_rectangle  ccgraphic_rectangle.o
    0x08001684   0x08001684   0x00000008   Code   RO          815    i.CCGraphic_init_triangle  ccgraphic_triangle.o
    0x0800168c   0x0800168c   0x00000002   Code   RO         1649    i.DebugMon_Handler  stm32f1xx_it.o
    0x0800168e   0x0800168e   0x00000002   PAD
    0x08001690   0x08001690   0x00000024   Code   RO         1883    i.HAL_Delay         stm32f1xx_hal.o
    0x080016b4   0x080016b4   0x000001f8   Code   RO         2193    i.HAL_GPIO_Init     stm32f1xx_hal_gpio.o
    0x080018ac   0x080018ac   0x0000000a   Code   RO         2197    i.HAL_GPIO_WritePin  stm32f1xx_hal_gpio.o
    0x080018b6   0x080018b6   0x00000002   PAD
    0x080018b8   0x080018b8   0x0000000c   Code   RO         1887    i.HAL_GetTick       stm32f1xx_hal.o
    0x080018c4   0x080018c4   0x00000010   Code   RO         1893    i.HAL_IncTick       stm32f1xx_hal.o
    0x080018d4   0x080018d4   0x00000024   Code   RO         1894    i.HAL_Init          stm32f1xx_hal.o
    0x080018f8   0x080018f8   0x00000040   Code   RO         1895    i.HAL_InitTick      stm32f1xx_hal.o
    0x08001938   0x08001938   0x0000003c   Code   RO         1624    i.HAL_MspInit       stm32f1xx_hal_msp.o
    0x08001974   0x08001974   0x00000040   Code   RO         2359    i.HAL_NVIC_SetPriority  stm32f1xx_hal_cortex.o
    0x080019b4   0x080019b4   0x00000024   Code   RO         2360    i.HAL_NVIC_SetPriorityGrouping  stm32f1xx_hal_cortex.o
    0x080019d8   0x080019d8   0x0000012c   Code   RO         2051    i.HAL_RCC_ClockConfig  stm32f1xx_hal_rcc.o
    0x08001b04   0x08001b04   0x0000004c   Code   RO         2060    i.HAL_RCC_GetSysClockFreq  stm32f1xx_hal_rcc.o
    0x08001b50   0x08001b50   0x00000320   Code   RO         2063    i.HAL_RCC_OscConfig  stm32f1xx_hal_rcc.o
    0x08001e70   0x08001e70   0x00000028   Code   RO         2364    i.HAL_SYSTICK_Config  stm32f1xx_hal_cortex.o
    0x08001e98   0x08001e98   0x00000002   Code   RO         1650    i.HardFault_Handler  stm32f1xx_it.o
    0x08001e9a   0x08001e9a   0x00000002   Code   RO          926    i.MX_GPIO_Init      gpio.o
    0x08001e9c   0x08001e9c   0x00000002   Code   RO         1651    i.MemManage_Handler  stm32f1xx_it.o
    0x08001e9e   0x08001e9e   0x00000002   Code   RO         1652    i.NMI_Handler       stm32f1xx_it.o
    0x08001ea0   0x08001ea0   0x00000002   Code   RO         1653    i.PendSV_Handler    stm32f1xx_it.o
    0x08001ea2   0x08001ea2   0x00000002   Code   RO         1654    i.SVC_Handler       stm32f1xx_it.o
    0x08001ea4   0x08001ea4   0x00000004   Code   RO         1655    i.SysTick_Handler   stm32f1xx_it.o
    0x08001ea8   0x08001ea8   0x0000005e   Code   RO         1217    i.SystemClock_Config  main.o
    0x08001f06   0x08001f06   0x00000002   Code   RO         2854    i.SystemInit        system_stm32f1xx_1.o
    0x08001f08   0x08001f08   0x00000002   Code   RO         1656    i.UsageFault_Handler  stm32f1xx_it.o
    0x08001f0a   0x08001f0a   0x00000028   Code   RO         3052    i.__ARM_fpclassify  m_ws.l(fpclassify.o)
    0x08001f32   0x08001f32   0x00000020   Code   RO         2366    i.__NVIC_SetPriority  stm32f1xx_hal_cortex.o
    0x08001f52   0x08001f52   0x00000002   PAD
    0x08001f54   0x08001f54   0x00000026   Code   RO          667    i.__fetch_font_size  ccgraphic_textconfig.o
    0x08001f7a   0x08001f7a   0x0000001e   Code   RO         1723    i.__helper_on_set_text  test_all.o
    0x08001f98   0x08001f98   0x000000aa   Code   RO         3054    i.__kernel_poly     m_ws.l(poly.o)
    0x08002042   0x08002042   0x00000006   Code   RO         3014    i.__mathlib_dbl_infnan  m_ws.l(dunder.o)
    0x08002048   0x08002048   0x00000004   Code   RO         3015    i.__mathlib_dbl_infnan2  m_ws.l(dunder.o)
    0x0800204c   0x0800204c   0x00000010   Code   RO         3019    i.__mathlib_dbl_underflow  m_ws.l(dunder.o)
    0x0800205c   0x0800205c   0x00000012   Code   RO         1258    i.__on_fetch_oled_table  oled_base_driver_ssd1309.o
    0x0800206e   0x0800206e   0x00000112   Code   RO          447    i.__pvt_BresenhamMethod_line  ccgraphic_line.o
    0x08002180   0x08002180   0x00000014   Code   RO          687    i.__pvt_append_text  ccgraphic_textedit.o
    0x08002194   0x08002194   0x0000003e   Code   RO          473    i.__pvt_backParent  ccgraphic_menu.o
    0x080021d2   0x080021d2   0x00000024   Code   RO          688    i.__pvt_clear_text  ccgraphic_textedit.o
    0x080021f6   0x080021f6   0x00000048   Code   RO          474    i.__pvt_doByStep    ccgraphic_menu.o
    0x0800223e   0x0800223e   0x00000030   Code   RO          475    i.__pvt_do_stepped_animate  ccgraphic_menu.o
    0x0800226e   0x0800226e   0x0000002a   Code   RO          749    i.__pvt_draw_char_each  ccgraphic_textitem.o
    0x08002298   0x08002298   0x0000003e   Code   RO          476    i.__pvt_enterSub    ccgraphic_menu.o
    0x080022d6   0x080022d6   0x0000005c   Code   RO          750    i.__pvt_fetch_valid_final_point  ccgraphic_textitem.o
    0x08002332   0x08002332   0x00000072   Code   RO          389    i.__pvt_hide        ccgraphic_frame.o
    0x080023a4   0x080023a4   0x00000020   Code   RO          689    i.__pvt_hide        ccgraphic_textedit.o
    0x080023c4   0x080023c4   0x00000054   Code   RO          477    i.__pvt_hideIcon    ccgraphic_menu.o
    0x08002418   0x08002418   0x00000026   Code   RO          478    i.__pvt_hide_CCGraphic_Menu  ccgraphic_menu.o
    0x0800243e   0x0800243e   0x00000002   PAD
    0x08002440   0x08002440   0x000000c8   Code   RO         1539    i.__pvt_init_soft_spi_gpio_init  soft_spi.o
    0x08002508   0x08002508   0x00000064   Code   RO           38    i.__pvt_is_in_angle  ccgraphic_arc.o
    0x0800256c   0x0800256c   0x00000076   Code   RO          816    i.__pvt_is_in_triangle  ccgraphic_triangle.o
    0x080025e2   0x080025e2   0x00000026   Code   RO          690    i.__pvt_newLine_text  ccgraphic_textedit.o
    0x08002608   0x08002608   0x00000032   Code   RO         1259    i.__pvt_oled_set_cursor  oled_base_driver_ssd1309.o
    0x0800263a   0x0800263a   0x00000010   Code   RO          479    i.__pvt_providePoint  ccgraphic_menu.o
    0x0800264a   0x0800264a   0x00000018   Code   RO          480    i.__pvt_provideSize  ccgraphic_menu.o
    0x08002662   0x08002662   0x0000001a   Code   RO          691    i.__pvt_relocate    ccgraphic_textedit.o
    0x0800267c   0x0800267c   0x00000060   Code   RO         1540    i.__pvt_send_command  soft_spi.o
    0x080026dc   0x080026dc   0x00000076   Code   RO         1541    i.__pvt_send_data   soft_spi.o
    0x08002752   0x08002752   0x0000002c   Code   RO          481    i.__pvt_setAnimationShowState  ccgraphic_menu.o
    0x0800277e   0x0800277e   0x0000000c   Code   RO          482    i.__pvt_setAnimationShowState_wrapper  ccgraphic_menu.o
    0x0800278a   0x0800278a   0x00000036   Code   RO          483    i.__pvt_setIcon     ccgraphic_menu.o
    0x080027c0   0x080027c0   0x00000024   Code   RO          692    i.__pvt_setText     ccgraphic_textedit.o
    0x080027e4   0x080027e4   0x00000038   Code   RO          751    i.__pvt_should_be_next_line  ccgraphic_textitem.o
    0x0800281c   0x0800281c   0x00000052   Code   RO          390    i.__pvt_show        ccgraphic_frame.o
    0x0800286e   0x0800286e   0x0000001e   Code   RO          693    i.__pvt_show        ccgraphic_textedit.o
    0x0800288c   0x0800288c   0x0000006a   Code   RO          484    i.__pvt_showIcon    ccgraphic_menu.o
    0x080028f6   0x080028f6   0x00000004   Code   RO          485    i.__pvt_show_CCGraphic_Menu  ccgraphic_menu.o
    0x080028fa   0x080028fa   0x00000002   PAD
    0x080028fc   0x080028fc   0x0000004c   Code   RO          486    i.__pvt_show_textEditOnly  ccgraphic_menu.o
    0x08002948   0x08002948   0x00000080   Code   RO          487    i.__pvt_switchIndex  ccgraphic_menu.o
    0x080029c8   0x080029c8   0x00000006   Code   RO          391    i.__pvt_update      ccgraphic_frame.o
    0x080029ce   0x080029ce   0x00000006   Code   RO          488    i.__pvt_update      ccgraphic_menu.o
    0x080029d4   0x080029d4   0x00000006   Code   RO          694    i.__pvt_update_text  ccgraphic_textedit.o
    0x080029da   0x080029da   0x00000002   PAD
    0x080029dc   0x080029dc   0x00000074   Code   RO          134    i.__register_paintdevice  ccgraphic_device_adapter.o
    0x08002a50   0x08002a50   0x0000002c   Code   RO          668    i.__select_from_ascii_font_size  ccgraphic_textconfig.o
    0x08002a7c   0x08002a7c   0x00000344   Code   RO         1724    i.__test_common     test_all.o
    0x08002dc0   0x08002dc0   0x00000220   Code   RO         3004    i.atan              m_ws.l(atan.o)
    0x08002fe0   0x08002fe0   0x0000019c   Code   RO         2971    i.atan2             m_ws.l(atan2.o)
    0x0800317c   0x0800317c   0x0000000e   Code   RO          259    i.clear_area_device_oled  ccgraphic_device_oled_adapter.o
    0x0800318a   0x0800318a   0x00000006   Code   RO          260    i.clear_device_oled  ccgraphic_device_oled_adapter.o
    0x08003190   0x08003190   0x00000006   Code   RO          261    i.close_device_oled  ccgraphic_device_oled_adapter.o
    0x08003196   0x08003196   0x00000014   Code   RO         1260    i.close_oled        oled_base_driver_ssd1309.o
    0x080031aa   0x080031aa   0x00000012   Code   RO          262    i.draw_area_device_oled  ccgraphic_device_oled_adapter.o
    0x080031bc   0x080031bc   0x00000020   Code   RO          845    i.find_int16max     ccgraphic_utils.o
    0x080031dc   0x080031dc   0x00000020   Code   RO          846    i.find_int16min     ccgraphic_utils.o
    0x080031fc   0x080031fc   0x00000010   Code   RO          263    i.init_device_oled  ccgraphic_device_oled_adapter.o
    0x0800320c   0x0800320c   0x00000016   Code   RO         1218    i.main              main.o
    0x08003222   0x08003222   0x00000008   Code   RO          848    i.max_uint16        ccgraphic_utils.o
    0x0800322a   0x0800322a   0x00000008   Code   RO          850    i.min_uint16        ccgraphic_utils.o
    0x08003232   0x08003232   0x00000002   PAD
    0x08003234   0x08003234   0x00000044   Code   RO         1542    i.oled_bind_softspi_pack  soft_spi.o
    0x08003278   0x08003278   0x00000004   Code   RO         1261    i.oled_height       oled_base_driver_ssd1309.o
    0x0800327c   0x0800327c   0x0000006c   Code   RO         1262    i.oled_helper_clear_area  oled_base_driver_ssd1309.o
    0x080032e8   0x080032e8   0x00000010   Code   RO         1263    i.oled_helper_clear_frame  oled_base_driver_ssd1309.o
    0x080032f8   0x080032f8   0x000000b4   Code   RO         1264    i.oled_helper_draw_area  oled_base_driver_ssd1309.o
    0x080033ac   0x080033ac   0x0000002c   Code   RO         1265    i.oled_helper_reverse  oled_base_driver_ssd1309.o
    0x080033d8   0x080033d8   0x0000006c   Code   RO         1266    i.oled_helper_reversearea  oled_base_driver_ssd1309.o
    0x08003444   0x08003444   0x0000002c   Code   RO         1267    i.oled_helper_setpixel  oled_base_driver_ssd1309.o
    0x08003470   0x08003470   0x00000038   Code   RO         1268    i.oled_helper_update  oled_base_driver_ssd1309.o
    0x080034a8   0x080034a8   0x00000080   Code   RO         1269    i.oled_helper_update_area  oled_base_driver_ssd1309.o
    0x08003528   0x08003528   0x00000040   Code   RO         1270    i.oled_init_softspi_handle  oled_base_driver_ssd1309.o
    0x08003568   0x08003568   0x00000044   Code   RO         1584    i.oled_soft_spi_setup  soft_spi_fast_setup.o
    0x080035ac   0x080035ac   0x00000004   Code   RO         1271    i.oled_support_rgb  oled_base_driver_ssd1309.o
    0x080035b0   0x080035b0   0x00000004   Code   RO         1272    i.oled_width        oled_base_driver_ssd1309.o
    0x080035b4   0x080035b4   0x0000002c   Code   RO         1104    i.on_test_component_frame_test  graphoc_test_components.o
    0x080035e0   0x080035e0   0x0000018c   Code   RO         1105    i.on_test_component_menu  graphoc_test_components.o
    0x0800376c   0x0800376c   0x00000178   Code   RO         1106    i.on_test_component_textEdit_test  graphoc_test_components.o
    0x080038e4   0x080038e4   0x00000030   Code   RO          998    i.on_test_draw_arc  graphic_test_base.o
    0x08003914   0x08003914   0x00000104   Code   RO         1073    i.on_test_draw_ascii  graphic_test_widget.o
    0x08003a18   0x08003a18   0x00000046   Code   RO          999    i.on_test_draw_circle  graphic_test_base.o
    0x08003a5e   0x08003a5e   0x0000004a   Code   RO         1000    i.on_test_draw_ellipse  graphic_test_base.o
    0x08003aa8   0x08003aa8   0x0000003c   Code   RO         1074    i.on_test_draw_image  graphic_test_widget.o
    0x08003ae4   0x08003ae4   0x00000086   Code   RO         1001    i.on_test_draw_line  graphic_test_base.o
    0x08003b6a   0x08003b6a   0x00000032   Code   RO         1002    i.on_test_draw_points  graphic_test_base.o
    0x08003b9c   0x08003b9c   0x00000058   Code   RO         1003    i.on_test_draw_rectangle  graphic_test_base.o
    0x08003bf4   0x08003bf4   0x0000003c   Code   RO         1004    i.on_test_draw_triangle  graphic_test_base.o
    0x08003c30   0x08003c30   0x00000004   Code   RO         1055    i.on_test_init_softspi_oled  graphic_test_device.o
    0x08003c34   0x08003c34   0x00000006   Code   RO          264    i.open_device_oled  ccgraphic_device_oled_adapter.o
    0x08003c3a   0x08003c3a   0x00000014   Code   RO         1273    i.open_oled         oled_base_driver_ssd1309.o
    0x08003c4e   0x08003c4e   0x0000002a   Code   RO          265    i.property_fetcher_device_oled  ccgraphic_device_oled_adapter.o
    0x08003c78   0x08003c78   0x00000006   Code   RO          266    i.reverse_device_oled  ccgraphic_device_oled_adapter.o
    0x08003c7e   0x08003c7e   0x0000000e   Code   RO          267    i.reversearea_device_oled  ccgraphic_device_oled_adapter.o
    0x08003c8c   0x08003c8c   0x00000006   Code   RO          268    i.set_property_device_oled  ccgraphic_device_oled_adapter.o
    0x08003c92   0x08003c92   0x00000002   Code   RO         1274    i.set_property_oled  oled_base_driver_ssd1309.o
    0x08003c94   0x08003c94   0x00000006   Code   RO          269    i.setpixel_device_oled  ccgraphic_device_oled_adapter.o
    0x08003c9a   0x08003c9a   0x0000001e   Code   RO          852    i.swap_int16        ccgraphic_utils.o
    0x08003cb8   0x08003cb8   0x00000012   Code   RO         1394    i.test_clear        oled_test.o
    0x08003cca   0x08003cca   0x00000014   Code   RO         1725    i.test_graphic_softspi_functionalities  test_all.o
    0x08003cde   0x08003cde   0x0000003a   Code   RO         1726    i.test_oled_spi_functionalities  test_all.o
    0x08003d18   0x08003d18   0x0000002c   Code   RO         1396    i.test_set_pixel_line  oled_test.o
    0x08003d44   0x08003d44   0x0000000e   Code   RO          270    i.update_area_device_oled  ccgraphic_device_oled_adapter.o
    0x08003d52   0x08003d52   0x00000006   Code   RO          271    i.update_device_oled  ccgraphic_device_oled_adapter.o
    0x08003d58   0x08003d58   0x00000034   Code   RO         1445    i.user_init_soft_spi_oled_handle  oled_test_soft_spi.o
    0x08003d8c   0x08003d8c   0x00000062   Code   RO         2932    x$fpl$d2f           fz_ws.l(d2f.o)
    0x08003dee   0x08003dee   0x00000002   PAD
    0x08003df0   0x08003df0   0x00000150   Code   RO         2934    x$fpl$dadd          fz_ws.l(daddsub_clz.o)
    0x08003f40   0x08003f40   0x00000010   Code   RO         3069    x$fpl$dcheck1       fz_ws.l(dcheck1.o)
    0x08003f50   0x08003f50   0x00000018   Code   RO         2990    x$fpl$dcmpinf       fz_ws.l(dcmpi.o)
    0x08003f68   0x08003f68   0x000002b0   Code   RO         2941    x$fpl$ddiv          fz_ws.l(ddiv.o)
    0x08004218   0x08004218   0x00000078   Code   RO         2992    x$fpl$deqf          fz_ws.l(deqf.o)
    0x08004290   0x08004290   0x0000005e   Code   RO         2944    x$fpl$dfix          fz_ws.l(dfix.o)
    0x080042ee   0x080042ee   0x0000002e   Code   RO         2949    x$fpl$dflt          fz_ws.l(dflt_clz.o)
    0x0800431c   0x0800431c   0x00000026   Code   RO         2948    x$fpl$dfltu         fz_ws.l(dflt_clz.o)
    0x08004342   0x08004342   0x00000002   PAD
    0x08004344   0x08004344   0x00000078   Code   RO         2954    x$fpl$dleqf         fz_ws.l(dleqf.o)
    0x080043bc   0x080043bc   0x00000154   Code   RO         2956    x$fpl$dmul          fz_ws.l(dmul.o)
    0x08004510   0x08004510   0x0000009c   Code   RO         2994    x$fpl$dnaninf       fz_ws.l(dnaninf.o)
    0x080045ac   0x080045ac   0x0000000c   Code   RO         2996    x$fpl$dretinf       fz_ws.l(dretinf.o)
    0x080045b8   0x080045b8   0x00000016   Code   RO         2935    x$fpl$drsb          fz_ws.l(daddsub_clz.o)
    0x080045ce   0x080045ce   0x00000002   PAD
    0x080045d0   0x080045d0   0x000001d4   Code   RO         2936    x$fpl$dsub          fz_ws.l(daddsub_clz.o)
    0x080047a4   0x080047a4   0x000000c4   Code   RO         2958    x$fpl$fadd          fz_ws.l(faddsub_clz.o)
    0x08004868   0x08004868   0x00000030   Code   RO         2965    x$fpl$fflt          fz_ws.l(fflt_clz.o)
    0x08004898   0x08004898   0x0000008c   Code   RO         2998    x$fpl$fnaninf       fz_ws.l(fnaninf.o)
    0x08004924   0x08004924   0x0000000a   Code   RO         3000    x$fpl$fretinf       fz_ws.l(fretinf.o)
    0x0800492e   0x0800492e   0x00000002   PAD
    0x08004930   0x08004930   0x000000ea   Code   RO         2960    x$fpl$fsub          fz_ws.l(faddsub_clz.o)
    0x08004a1a   0x08004a1a   0x00000064   Code   RO         3118    x$fpl$retnan        fz_ws.l(retnan.o)
    0x08004a7e   0x08004a7e   0x0000005c   Code   RO         3050    x$fpl$scalbn        fz_ws.l(scalbn.o)
    0x08004ada   0x08004ada   0x00000030   Code   RO         3131    x$fpl$trapveneer    fz_ws.l(trapv.o)
    0x08004b0a   0x08004b0a   0x00000000   Code   RO         3002    x$fpl$usenofp       fz_ws.l(usenofp.o)
    0x08004b0a   0x08004b0a   0x0000023a   Data   RO           10    .constdata          ascii6x8.source.o
    0x08004d44   0x08004d44   0x000005f0   Data   RO           26    .constdata          ascii8x16.source.o
    0x08005334   0x08005334   0x00000017   Data   RO         1276    .constdata          oled_base_driver_ssd1309.o
    0x0800534b   0x0800534b   0x00000020   Data   RO         1782    .constdata          test_image.o
    0x0800536b   0x0800536b   0x00000020   Data   RO         1783    .constdata          test_image.o
    0x0800538b   0x0800538b   0x00000020   Data   RO         1784    .constdata          test_image.o
    0x080053ab   0x080053ab   0x00000020   Data   RO         1785    .constdata          test_image.o
    0x080053cb   0x080053cb   0x00000020   Data   RO         1786    .constdata          test_image.o
    0x080053eb   0x080053eb   0x00000012   Data   RO         2064    .constdata          stm32f1xx_hal_rcc.o
    0x080053fd   0x080053fd   0x00000010   Data   RO         2855    .constdata          system_stm32f1xx_1.o
    0x0800540d   0x0800540d   0x00000003   PAD
    0x08005410   0x08005410   0x00000098   Data   RO         3005    .constdata          m_ws.l(atan.o)
    0x080054a8   0x080054a8   0x00000008   Data   RO         3027    .constdata          m_ws.l(qnan.o)
    0x080054b0   0x080054b0   0x00000034   Data   RO         1108    .conststring        graphoc_test_components.o
    0x080054e4   0x080054e4   0x0000005d   Data   RO         1727    .conststring        test_all.o
    0x08005541   0x08005541   0x00000003   PAD
    0x08005544   0x08005544   0x00000020   Data   RO         3201    Region$$Table       anon$$obj.o


    Execution Region RW_IRAM1 (Exec base: 0x20000000, Load base: 0x08005564, Size: 0x00000ce0, Max: 0x00010000, ABSOLUTE)

    Exec Addr    Load Addr    Size         Type   Attr      Idx    E Section Name        Object

    0x20000000   0x08005564   0x00000090   Data   RW         1109    .data               graphoc_test_components.o
    0x20000090   0x080055f4   0x00000028   Data   RW         1447    .data               oled_test_soft_spi.o
    0x200000b8   0x0800561c   0x00000038   Data   RW         1586    .data               soft_spi_fast_setup.o
    0x200000f0   0x08005654   0x0000000c   Data   RW         1901    .data               stm32f1xx_hal.o
    0x200000fc   0x08005660   0x00000004   Data   RW         2857    .data               system_stm32f1xx_1.o
    0x20000100        -       0x000000a0   Zero   RW         1107    .bss                graphoc_test_components.o
    0x200001a0        -       0x00000480   Zero   RW         1275    .bss                oled_base_driver_ssd1309.o
    0x20000620        -       0x00000030   Zero   RW         1446    .bss                oled_test_soft_spi.o
    0x20000650        -       0x00000030   Zero   RW         1585    .bss                soft_spi_fast_setup.o
    0x20000680        -       0x00000060   Zero   RW         3057    .bss                c_w.l(libspace.o)
    0x200006e0        -       0x00000200   Zero   RW            2    HEAP                startup_stm32f103xe.o
    0x200008e0        -       0x00000400   Zero   RW            1    STACK               startup_stm32f103xe.o


==============================================================================

Image component sizes


      Code (inc. data)   RO Data    RW Data    ZI Data      Debug   Object Name

         0          0        570          0          0       2659   ascii6x8.source.o
         0          0       1520          0          0        668   ascii8x16.source.o
       648         14          0          0          0       5312   ccgraphic_arc.o
       842          0          0          0          0       7314   ccgraphic_circle.o
       116         52          0          0          0     397211   ccgraphic_device_adapter.o
       160          0          0          0          0      10763   ccgraphic_device_oled_adapter.o
      1548         10          0          0          0       4913   ccgraphic_ellipse.o
       286         14          0          0          0       4794   ccgraphic_frame.o
        32          0          0          0          0       2274   ccgraphic_image.o
       412          0          0          0          0       4021   ccgraphic_line.o
      1000         46          0          0          0      17995   ccgraphic_menu.o
        14          0          0          0          0       1514   ccgraphic_point.o
       164          0          0          0          0       3583   ccgraphic_rectangle.o
        82          8          0          0          0       1853   ccgraphic_textconfig.o
       300         34          0          0          0       6759   ccgraphic_textedit.o
       640         22          0          0          0       8642   ccgraphic_textitem.o
       276          0          0          0          0       3534   ccgraphic_triangle.o
       110          0          0          0          0       3343   ccgraphic_utils.o
        52          0          0          0          0       1109   ccgraphicwidget_base.o
         2          0          0          0          0     435347   gpio.o
       524          0          0          0          0       6203   graphic_test_base.o
         4          0          0          0          0        908   graphic_test_device.o
       320        104          0          0          0       1975   graphic_test_widget.o
       816        212         52        144        160       5996   graphoc_test_components.o
       116          0          0          0          0       1532   main.o
       870         54         23          0       1152      14364   oled_base_driver_ssd1309.o
        62          0          0          0          0       3023   oled_test.o
        52         10          0         40         48       1290   oled_test_soft_spi.o
       482         12          0          0          0       5509   soft_spi.o
        68          8          0         56         48       4192   soft_spi_fast_setup.o
        64         26        304          0       1536        832   startup_stm32f103xe.o
       164         28          0         12          0       6677   stm32f1xx_hal.o
       172         14          0          0          0      28390   stm32f1xx_hal_cortex.o
       514         42          0          0          0       2968   stm32f1xx_hal_gpio.o
        60          8          0          0          0        914   stm32f1xx_hal_msp.o
      1176         60         18          0          0       4070   stm32f1xx_hal_rcc.o
        20          0          0          0          0       4058   stm32f1xx_it.o
         2          0         16          4          0       1179   system_stm32f1xx_1.o
       944        424         93          0          0       8691   test_all.o
         0          0        160          0          0        797   test_image.o

    ----------------------------------------------------------------------
     13138       1202       2794        256       2944    1027176   Object Totals
         0          0         32          0          0          0   (incl. Generated)
        24          0          6          0          0          0   (incl. Padding)

    ----------------------------------------------------------------------

      Code (inc. data)   RO Data    RW Data    ZI Data      Debug   Library Member Name

         8          0          0          0          0         68   __main.o
       104          0          0          0          0         84   __printf.o
         0          0          0          0          0          0   __rtentry.o
        12          0          0          0          0          0   __rtentry2.o
         6          0          0          0          0          0   __rtentry4.o
        52          8          0          0          0          0   __scatter.o
        26          0          0          0          0          0   __scatter_copy.o
        28          0          0          0          0          0   __scatter_zi.o
        48          6          0          0          0         96   _printf_char_common.o
         6          0          0          0          0          0   _printf_d.o
       120         16          0          0          0         92   _printf_dec.o
       178          0          0          0          0         88   _printf_intcommon.o
         0          0          0          0          0          0   _printf_percent.o
         4          0          0          0          0          0   _printf_percent_end.o
        22          0          0          0          0        100   _rserrno.o
        16          0          0          0          0         68   _snputc.o
        10          0          0          0          0         68   _sputc.o
        18          0          0          0          0         80   exit.o
         6          0          0          0          0        152   heapauxi.o
         0          0          0          0          0          0   indicate_semi.o
         2          0          0          0          0          0   libinit.o
         2          0          0          0          0          0   libinit2.o
         2          0          0          0          0          0   libshutdown.o
         2          0          0          0          0          0   libshutdown2.o
         8          4          0          0         96         68   libspace.o
        52          4          0          0          0         84   noretval__2snprintf.o
         8          4          0          0          0         68   rt_errno_addr_intlibspace.o
        68          0          0          0          0         68   rt_memclr.o
        78          0          0          0          0         80   rt_memclr_w.o
         2          0          0          0          0          0   rtexit.o
        10          0          0          0          0          0   rtexit2.o
       128          0          0          0          0         68   strcmpv7m.o
        12          4          0          0          0         68   sys_exit.o
        74          0          0          0          0         80   sys_stackheap_outer.o
         2          0          0          0          0         68   use_no_semi.o
        98          4          0          0          0         92   d2f.o
       826         16          0          0          0        348   daddsub_clz.o
        16          4          0          0          0         68   dcheck1.o
        24          0          0          0          0         68   dcmpi.o
       688        140          0          0          0        208   ddiv.o
       120          4          0          0          0         92   deqf.o
        94          4          0          0          0         92   dfix.o
        84          0          0          0          0        136   dflt_clz.o
       120          4          0          0          0         92   dleqf.o
       340         12          0          0          0        104   dmul.o
       156          4          0          0          0         92   dnaninf.o
        12          0          0          0          0         68   dretinf.o
       430          8          0          0          0        168   faddsub_clz.o
        48          0          0          0          0         68   fflt_clz.o
       140          4          0          0          0         84   fnaninf.o
        10          0          0          0          0         68   fretinf.o
       100          0          0          0          0         68   retnan.o
        92          0          0          0          0         68   scalbn.o
        48          0          0          0          0         68   trapv.o
         0          0          0          0          0          0   usenofp.o
       544         70        152          0          0        124   atan.o
       412         38          0          0          0        144   atan2.o
        26          6          0          0          0        204   dunder.o
        40          0          0          0          0         68   fpclassify.o
       170          0          0          0          0         96   poly.o
         0          0          8          0          0          0   qnan.o

    ----------------------------------------------------------------------
      5768        364        160          0         96       4236   Library Totals
        16          0          0          0          0          0   (incl. Padding)

    ----------------------------------------------------------------------

      Code (inc. data)   RO Data    RW Data    ZI Data      Debug   Library Name

      1114         46          0          0         96       1548   c_w.l
      3446        204          0          0          0       2052   fz_ws.l
      1192        114        160          0          0        636   m_ws.l

    ----------------------------------------------------------------------
      5768        364        160          0         96       4236   Library Totals

    ----------------------------------------------------------------------

==============================================================================


      Code (inc. data)   RO Data    RW Data    ZI Data      Debug   

     18906       1566       2954        256       3040    1021372   Grand Totals
     18906       1566       2954        256       3040    1021372   ELF Image Totals
     18906       1566       2954        256          0          0   ROM Totals

==============================================================================

    Total RO  Size (Code + RO Data)                21860 (  21.35kB)
    Total RW  Size (RW Data + ZI Data)              3296 (   3.22kB)
    Total ROM Size (Code + RO Data + RW Data)      22116 (  21.60kB)

==============================================================================

