<html>
<body>
<pre>
<h1>µVision Build Log</h1>
<h2>Tool Versions:</h2>
IDE-Version: ¦ÌVision V5.36.0.0
Copyright (C) 2021 ARM Ltd and ARM Germany GmbH. All rights reserved.
License Information: ³Â ¹ÚºÀ, 11, LIC=BUURY-I20QA-TGL7T-R8S1D-B5KIR-I2TXP
 
Tool Versions:
Toolchain:       MDK-ARM Plus  Version: 5.36.0.0
Toolchain Path:  D:\MDK5\ARM\ARMCC\Bin
C Compiler:      Armcc.exe V5.06 update 7 (build 960)
Assembler:       Armasm.exe V5.06 update 7 (build 960)
Linker/Locator:  ArmLink.exe V5.06 update 7 (build 960)
Library Manager: ArmAr.exe V5.06 update 7 (build 960)
Hex Converter:   FromElf.exe V5.06 update 7 (build 960)
CPU DLL:         SARMCM3.DLL V5.36.0.0
Dialog DLL:      DCM.DLL V1.17.3.0
Target DLL:      STLink\ST-LINKIII-KEIL_SWO.dll V3.0.9.0
Dialog DLL:      TCM.DLL V1.53.0.0
 
<h2>Project:</h2>
D:\My coding repositary\MCU_Libs\OLED\demo\OLED_Demo_F103ZET6_MDKVersion\MDK-ARM\OLED_Demo_F103ZET6_MDKVersion.uvprojx
Project File Date:  02/05/2025

<h2>Output:</h2>
*** Using Compiler 'V5.06 update 7 (build 960)', folder: 'D:\MDK5\ARM\ARMCC\Bin'
Rebuild target 'OLED_Demo_F103ZET6_MDKVersion'
Note: source file '../Core/Src/system_stm32f1xx.c' - object file renamed from 'OLED_Demo_F103ZET6_MDKVersion\system_stm32f1xx.o' to 'OLED_Demo_F103ZET6_MDKVersion\system_stm32f1xx_1.o'.
assembling startup_stm32f103xe.s...
compiling ascii6x8.source.c...
compiling CCGraphic_Base.c...
compiling CCGraphic_Line.c...
compiling CCGraphic_Circle.c...
compiling ascii8x16.source.c...
compiling CCGraphic_MenuItem.c...
compiling CCGraphic_Size.c...
compiling CCGraphic_Point.c...
compiling CCGraphic_Image.c...
compiling CCGraphic_Rectangle.c...
compiling CCGraphic_Frame.c...
compiling CCGraphic_Arc.c...
compiling CCGraphic_TextConfig.c...
compiling CCGraphic_Menu.c...
compiling CCGraphic_Ellipse.c...
compiling CCGraphic_TextEdit.c...
compiling CCGraphic_TextItem.c...
compiling CCGraphic_Utils.c...
compiling CCGraphic_Triangle.c...
compiling CCGraphicWidget_Base.c...
compiling graphic_test_device.c...
compiling graphic_test_base.c...
compiling hard_iic__fastsetup.c...
compiling hard_spi__fastsetup.c...
compiling oled_base_driver_ssd1306.c...
compiling oled_test_gard_spi.c...
compiling oled_test_hard_iic.c...
compiling oled_test_soft_iic.c...
compiling simple_text.c...
compiling soft_iic_fastsetup.c...
compiling hard_iic.c...
compiling main.c...
compiling gpio.c...
compiling soft_spi_fast_setup.c...
compiling stm32f1xx_hal_msp.c...
compiling test_image.c...
compiling graphic_test_widget.c...
compiling CCGraphic_device_oled_adapter.c...
compiling hard_spi.c...
compiling soft_iic.c...
compiling test_image_temp.c...
compiling CCGraphic_device_adapter.c...
compiling oled_test_soft_spi.c...
compiling oled_base_driver_ssd1309.c...
compiling soft_spi.c...
compiling oled_test.c...
compiling graphoc_test_components.c...
compiling stm32f1xx_it.c...
compiling test_all.c...
compiling stm32f1xx_hal_rcc_ex.c...
compiling stm32f1xx_hal_pwr.c...
compiling stm32f1xx_hal_tim_ex.c...
compiling stm32f1xx_hal_cortex.c...
compiling stm32f1xx_hal_tim.c...
compiling stm32f1xx_hal_gpio_ex.c...
compiling stm32f1xx_hal_exti.c...
compiling stm32f1xx_hal.c...
compiling stm32f1xx_hal_flash_ex.c...
compiling stm32f1xx_hal_flash.c...
compiling stm32f1xx_hal_gpio.c...
compiling stm32f1xx_hal_dma.c...
compiling system_stm32f1xx.c...
compiling stm32f1xx_hal_rcc.c...
linking...
Program Size: Code=18906 RO-data=2954 RW-data=256 ZI-data=3040  
FromELF: creating hex file...
"OLED_Demo_F103ZET6_MDKVersion\OLED_Demo_F103ZET6_MDKVersion.axf" - 0 Error(s), 0 Warning(s).

<h2>Software Packages used:</h2>

Package Vendor: ARM
                http://www.keil.com/pack/ARM.CMSIS.5.9.0.pack
                ARM.CMSIS.5.9.0
                CMSIS (Common Microcontroller Software Interface Standard)
   * Component: CORE Version: 5.6.0

Package Vendor: Keil
                http://www.keil.com/pack/Keil.STM32F1xx_DFP.2.3.0.pack
                Keil.STM32F1xx_DFP.2.3.0
                STMicroelectronics STM32F1 Series Device Support, Drivers and Examples

<h2>Collection of Component include folders:</h2>
  .\RTE\_OLED_Demo_F103ZET6_MDKVersion
  D:\MDK5\ARM\PACK\ARM\CMSIS\5.9.0\CMSIS\Core\Include
  D:\MDK5\ARM\PACK\Keil\STM32F1xx_DFP\2.3.0\Device\Include

<h2>Collection of Component Files used:</h2>

   * Component: ARM::CMSIS:CORE:5.6.0
      Include file:  CMSIS\Core\Include\tz_context.h
Build Time Elapsed:  00:00:07
</pre>
</body>
</html>
