<html>
<body>
<pre>
<h1>µVision Build Log</h1>
<h2>Tool Versions:</h2>
IDE-Version: ¦ÌVision V5.36.0.0
Copyright (C) 2021 ARM Ltd and ARM Germany GmbH. All rights reserved.
License Information: ³Â ¹ÚºÀ, 11, LIC=BUURY-I20QA-TGL7T-R8S1D-B5KIR-I2TXP
 
Tool Versions:
Toolchain:       MDK-ARM Plus  Version: 5.36.0.0
Toolchain Path:  D:\MDK5\ARM\ARMCC\Bin
C Compiler:      Armcc.exe V5.06 update 7 (build 960)
Assembler:       Armasm.exe V5.06 update 7 (build 960)
Linker/Locator:  ArmLink.exe V5.06 update 7 (build 960)
Library Manager: ArmAr.exe V5.06 update 7 (build 960)
Hex Converter:   FromElf.exe V5.06 update 7 (build 960)
CPU DLL:         SARMCM3.DLL V5.36.0.0
Dialog DLL:      DCM.DLL V1.17.3.0
Target DLL:      CMSIS_AGDI.dll V1.33.0.0
Dialog DLL:      TCM.DLL V1.53.0.0
 
<h2>Project:</h2>
D:\Competitions\Codes\4_555FreqCaptured\MDK-ARM\4_555FreqCaptured.uvprojx
Project File Date:  02/02/2025

<h2>Output:</h2>
*** Using Compiler 'V5.06 update 7 (build 960)', folder: 'D:\MDK5\ARM\ARMCC\Bin'
Rebuild target '4_555FreqCaptured'
assembling startup_stm32g431xx.s...
compiling tim.c...
compiling gpio.c...
compiling stm32g4xx_hal_pwr_ex.c...
compiling capture_555_freq.c...
compiling led.c...
..\Core\Src\led.c(50): warning:  #188-D: enumerated type mixed with another type
      HAL_GPIO_WritePin(GPIOC, __compose_all_led_gpio(), !states);
..\Core\Src\led.c(60): warning:  #188-D: enumerated type mixed with another type
      HAL_GPIO_WritePin(GPIOC, GPIO_PIN_8 << (index), !states);
..\Core\Src\led.c: 2 warnings, 0 errors
compiling stm32g4xx_hal_flash.c...
compiling lcd.c...
compiling stm32g4xx_hal_tim_ex.c...
compiling stm32g4xx_hal.c...
compiling main.c...
compiling stm32g4xx_it.c...
compiling stm32g4xx_hal_rcc.c...
compiling stm32g4xx_hal_msp.c...
compiling stm32g4xx_hal_rcc_ex.c...
compiling stm32g4xx_hal_tim.c...
compiling system_stm32g4xx.c...
compiling stm32g4xx_hal_dma_ex.c...
compiling stm32g4xx_hal_gpio.c...
compiling stm32g4xx_hal_flash_ramfunc.c...
compiling stm32g4xx_hal_pwr.c...
compiling stm32g4xx_hal_cortex.c...
compiling stm32g4xx_hal_exti.c...
compiling stm32g4xx_hal_dma.c...
compiling stm32g4xx_hal_flash_ex.c...
linking...
Program Size: Code=8994 RO-data=5082 RW-data=52 ZI-data=1828  
FromELF: creating hex file...
"4_555FreqCaptured\4_555FreqCaptured.axf" - 0 Error(s), 2 Warning(s).

<h2>Software Packages used:</h2>

Package Vendor: ARM
                http://www.keil.com/pack/ARM.CMSIS.5.9.0.pack
                ARM.CMSIS.5.9.0
                CMSIS (Common Microcontroller Software Interface Standard)
   * Component: CORE Version: 5.6.0

Package Vendor: Keil
                https://www.keil.com/pack/Keil.STM32G4xx_DFP.1.5.0.pack
                Keil.STM32G4xx_DFP.1.5.0
                STMicroelectronics STM32G4 Series Device Support, Drivers and Examples

<h2>Collection of Component include folders:</h2>
  .\RTE\_4_555FreqCaptured
  D:\MDK5\ARM\PACK\ARM\CMSIS\5.9.0\CMSIS\Core\Include
  D:\MDK5\ARM\PACK\Keil\STM32G4xx_DFP\1.5.0\Drivers\CMSIS\Device\ST\STM32G4xx\Include

<h2>Collection of Component Files used:</h2>

   * Component: ARM::CMSIS:CORE:5.6.0
      Include file:  CMSIS\Core\Include\tz_context.h
Build Time Elapsed:  00:00:06
</pre>
</body>
</html>
